<html>
<body>
<pre>
<h1>µVision Build Log</h1>
<h2>Project:</h2>
C:\Users\Administrator\Desktop\git\trunk\Bush_master\Keil\MultiSPI.uvprojx
Project File Date:  04/09/2017

<h2>Output:</h2>
Rebuild target 'MultiSPI'
compiling main.c...
compiling stm32f10x_it.c...
compiling Core_hal.c...
compiling core_cm3.c...
compiling system_stm32f10x.c...
assembling startup_stm32f10x_cl.s...
compiling hal_uart5.c...
compiling hal_uart3.c...
compiling hal_spi.c...
compiling hal_systick.c...
compiling modbus_host.c...
compiling modbus_slave.c...
compiling modfunc_host.c...
..\Driver\Dev\modfunc_host.c(22): warning:  #550-D: variable "ucid" was set but never used
        uint8  ucid = 0;
..\Driver\Dev\modfunc_host.c(23): warning:  #550-D: variable "usaddr" was set but never used
        uint16 usaddr = 0;
..\Driver\Dev\modfunc_host.c(11): warning:  #177-D: variable "HostDataStruct" was declared but never referenced
  }HostDataStruct;
..\Driver\Dev\modfunc_host.c: 3 warnings, 0 errors
compiling modfunc_slave.c...
..\Driver\Dev\modfunc_slave.c(9): warning:  #550-D: variable "usaddr" was set but never used
        uint16 usaddr = 0;
..\Driver\Dev\modfunc_slave.c(27): warning:  #550-D: variable "usaddr" was set but never used
        uint16 usaddr = 0;
..\Driver\Dev\modfunc_slave.c(28): warning:  #550-D: variable "uslen" was set but never used
        uint16 uslen = 0;
..\Driver\Dev\modfunc_slave.c(47): warning:  #550-D: variable "usaddr" was set but never used
        uint16 usaddr = 0;
..\Driver\Dev\modfunc_slave.c(48): warning:  #550-D: variable "uslen" was set but never used
        uint16 uslen = 0;
..\Driver\Dev\modfunc_slave.c: 5 warnings, 0 errors
compiling queue.c...
compiling crc.c...
linking...
Program Size: Code=6652 RO-data=368 RW-data=212 ZI-data=1876  
FromELF: creating hex file...
".\Output\Bush_Main_V1.axf" - 0 Error(s), 8 Warning(s).
</pre>
</body>
</html>

</body>
</html>
ver used
        uint16 usaddr = 0;
..\Driver\Dev\modfunc_slave.c(48): warning:  #550-D: variable "uslen" was set but never used
        uint16 uslen = 0;
..\Driver\Dev\modfunc_slave.c: 5 warnings, 0 errors
compiling queue.c...
compiling crc.c...
".\Output\Bush_Main_V1.axf" - 2 Error(s), 9 Warning(s).
Target not created
