Component: ARM Compiler 5.05 update 1 (build 106) Tool: armlink [4d0efa]

==============================================================================

Section Cross References

    main.o(.text) refers to core_os.o(.text) for Os_Init
    task.o(.text) refers to task.o(.data) for u32Temp
    app.o(.text) refers to core_app.o(.bss) for Data
    app.o(.text) refers to app.o(.bss) for APP_Data
    app.o(.text) refers to core_hal.o(.bss) for Device
    core_hal.o(.text) refers to hal_systick.o(.text) for Hal_SystickInit
    core_hal.o(.text) refers to hal_uart5.o(.text) for Hal_Uart5_Init
    core_hal.o(.text) refers to hal_uart3.o(.text) for Hal_Usart3_Init
    core_hal.o(.text) refers to hal_spi.o(.text) for Hal_Spi_Init
    core_hal.o(.text) refers to hal_gpio.o(.text) for Hal_GpioInit
    core_hal.o(.text) refers to modbus_host.o(.text) for ModHostInit
    core_hal.o(.text) refers to modbus_slave.o(.text) for ModSlaveInit
    core_app.o(.constdata) refers to task.o(.text) for Task_Process
    core_event.o(.text) refers to core_event.o(.bss) for sg_atEvtQueue
    core_event.o(.text) refers to core_event.o(.data) for sg_u16EvtCnt
    core_os.o(.text) refers to core_hal.o(.text) for HAL_Init
    core_os.o(.text) refers to core_app.o(.text) for AppDataInit
    core_os.o(.text) refers to core_event.o(.text) for Event_Init
    core_os.o(.text) refers to app.o(.text) for APP_Init
    core_os.o(.text) refers to core_os.o(.data) for sg_tEvt
    core_os.o(.text) refers to core_app.o(.constdata) for cg_apfTaskFn
    core_os.o(.text) refers to core_hal.o(.bss) for Device
    core_os.o(.data) refers to app.o(.text) for APP_Run
    system_stm32f10x.o(.text) refers to system_stm32f10x.o(.data) for SystemCoreClock
    startup_stm32f10x_cl.o(STACK) refers (Special) to heapauxi.o(.text) for __use_two_region_memory
    startup_stm32f10x_cl.o(HEAP) refers (Special) to heapauxi.o(.text) for __use_two_region_memory
    startup_stm32f10x_cl.o(RESET) refers (Special) to heapauxi.o(.text) for __use_two_region_memory
    startup_stm32f10x_cl.o(RESET) refers to startup_stm32f10x_cl.o(STACK) for __initial_sp
    startup_stm32f10x_cl.o(RESET) refers to startup_stm32f10x_cl.o(.text) for Reset_Handler
    startup_stm32f10x_cl.o(RESET) refers to stm32f10x_it.o(.text) for NMI_Handler
    startup_stm32f10x_cl.o(RESET) refers to hal_systick.o(.text) for SysTick_Handler
    startup_stm32f10x_cl.o(RESET) refers to hal_uart3.o(.text) for USART3_IRQHandler
    startup_stm32f10x_cl.o(RESET) refers to hal_uart5.o(.text) for UART5_IRQHandler
    startup_stm32f10x_cl.o(.text) refers (Special) to heapauxi.o(.text) for __use_two_region_memory
    startup_stm32f10x_cl.o(.text) refers to system_stm32f10x.o(.text) for SystemInit
    startup_stm32f10x_cl.o(.text) refers to __main.o(!!!main) for __main
    startup_stm32f10x_cl.o(.text) refers to startup_stm32f10x_cl.o(HEAP) for Heap_Mem
    startup_stm32f10x_cl.o(.text) refers to startup_stm32f10x_cl.o(STACK) for Stack_Mem
    hal_uart5.o(.text) refers to stm32f10x_usart.o(.text) for USART_SendData
    hal_uart5.o(.text) refers to misc.o(.text) for NVIC_PriorityGroupConfig
    hal_uart5.o(.text) refers to stm32f10x_rcc.o(.text) for RCC_APB2PeriphClockCmd
    hal_uart5.o(.text) refers to stm32f10x_gpio.o(.text) for GPIO_Init
    hal_uart5.o(.text) refers to hal_uart5.o(.data) for Rxd5
    hal_uart5.o(.text) refers to core_hal.o(.bss) for Device
    hal_uart5.o(.data) refers to hal_uart5.o(.text) for Usart5Dummy
    hal_uart3.o(.text) refers to stm32f10x_usart.o(.text) for USART_SendData
    hal_uart3.o(.text) refers to misc.o(.text) for NVIC_PriorityGroupConfig
    hal_uart3.o(.text) refers to stm32f10x_rcc.o(.text) for RCC_APB2PeriphClockCmd
    hal_uart3.o(.text) refers to stm32f10x_gpio.o(.text) for GPIO_PinRemapConfig
    hal_uart3.o(.text) refers to hal_uart3.o(.data) for Rxd3
    hal_uart3.o(.text) refers to core_hal.o(.bss) for Device
    hal_uart3.o(.data) refers to hal_uart3.o(.text) for Usart3Dummy
    hal_spi.o(.text) refers to stm32f10x_gpio.o(.text) for GPIO_ReadInputDataBit
    hal_spi.o(.text) refers to stm32f10x_rcc.o(.text) for RCC_APB2PeriphClockCmd
    hal_spi.o(.text) refers to core_hal.o(.bss) for Device
    hal_systick.o(.text) refers to hal_systick.o(.data) for ucTaskPos
    hal_systick.o(.text) refers to system_stm32f10x.o(.data) for SystemCoreClock
    hal_systick.o(.text) refers to core_hal.o(.bss) for Device
    hal_systick.o(.data) refers to hal_systick.o(.text) for Func
    hal_gpio.o(.text) refers to stm32f10x_gpio.o(.text) for GPIO_ReadInputData
    hal_gpio.o(.text) refers to stm32f10x_rcc.o(.text) for RCC_APB2PeriphClockCmd
    hal_gpio.o(.text) refers to core_hal.o(.bss) for Device
    gui.o(.text) refers to queue.o(.text) for Queue_Push
    gui.o(.text) refers to crc.o(.text) for usMBCRC16
    gui.o(.text) refers to guifunc.o(.text) for GuiFuncInit
[...]
    __rtentry2.o(.ARM.Collect$$rtentry$$0000000D) refers to exit.o(.text) for exit
    __rtentry2.o(.ARM.exidx) refers to __rtentry2.o(.ARM.Collect$$rtentry$$00000001) for .ARM.Collect$$rtentry$$00000001
    __rtentry2.o(.ARM.exidx) refers to __rtentry2.o(.ARM.Collect$$rtentry$$00000008) for .ARM.Collect$$rtentry$$00000008
    __rtentry2.o(.ARM.exidx) refers to __rtentry2.o(.ARM.Collect$$rtentry$$0000000A) for .ARM.Collect$$rtentry$$0000000A
    __rtentry2.o(.ARM.exidx) refers to __rtentry2.o(.ARM.Collect$$rtentry$$0000000B) for .ARM.Collect$$rtentry$$0000000B
    __rtentry2.o(.ARM.exidx) refers to __rtentry2.o(.ARM.Collect$$rtentry$$0000000D) for .ARM.Collect$$rtentry$$0000000D
    __rtentry4.o(.ARM.Collect$$rtentry$$00000004) refers to sys_stackheap_outer.o(.text) for __user_setup_stackheap
    __rtentry4.o(.ARM.exidx) refers to __rtentry4.o(.ARM.Collect$$rtentry$$00000004) for .ARM.Collect$$rtentry$$00000004
    maybetermalloc2.o(.emb_text) refers (Special) to term_alloc.o(.text) for _terminate_alloc
    h1_extend.o(.text) refers to h1_free.o(.text) for free
    h1_extend_mt.o(.text) refers to h1_free_mt.o(.text) for _free_internal
    defsig_rtmem_outer.o(.text) refers to defsig_rtmem_inner.o(.text) for __rt_SIGRTMEM_inner
    defsig_rtmem_outer.o(.text) refers to defsig_exit.o(.text) for __sig_exit
    defsig_rtmem_formal.o(.text) refers to rt_raise.o(.text) for __rt_raise
    heapauxa.o(.text) refers to heapauxa.o(.data) for .data
    argv_veneer.o(.emb_text) refers to no_argv.o(.text) for __ARM_get_argv
    sys_stackheap_outer.o(.text) refers to libspace.o(.text) for __user_perproc_libspace
    sys_stackheap_outer.o(.text) refers to startup_stm32f10x_cl.o(.text) for __user_initial_stackheap
    rt_raise.o(.text) refers to __raise.o(.text) for __raise
    rt_raise.o(.text) refers to sys_exit.o(.text) for _sys_exit
    term_alloc.o(.text) refers (Special) to libshutdown2.o(.ARM.Collect$$libshutdown$$0000000D) for __rt_lib_shutdown_heap_2
    term_alloc.o(.text) refers to rt_heap_descriptor_intlibspace.o(.text) for __rt_heap_descriptor
    term_alloc.o(.text) refers to h1_final.o(.text) for __Heap_Finalize
    exit.o(.text) refers to rtexit.o(.ARM.Collect$$rtexit$$00000000) for __rt_exit
    defsig_exit.o(.text) refers to sys_exit.o(.text) for _sys_exit
    defsig_rtmem_inner.o(.text) refers to defsig_general.o(.text) for __default_signal_display
    _get_argv_nomalloc.o(.text) refers (Special) to hrguard.o(.text) for __heap_region$guard
    _get_argv_nomalloc.o(.text) refers to defsig_rtmem_outer.o(.text) for __rt_SIGRTMEM
    _get_argv_nomalloc.o(.text) refers to sys_command.o(.text) for _sys_command_string
    libinit.o(.ARM.Collect$$libinit$$00000000) refers (Special) to libinit2.o(.ARM.Collect$$libinit$$0000002E) for __rt_lib_init_alloca_1
    libinit.o(.ARM.Collect$$libinit$$00000000) refers (Special) to libinit2.o(.ARM.Collect$$libinit$$0000002C) for __rt_lib_init_argv_1
    libinit.o(.ARM.Collect$$libinit$$00000000) refers (Special) to libinit2.o(.ARM.Collect$$libinit$$0000001B) for __rt_lib_init_atexit_1
    libinit.o(.ARM.Collect$$libinit$$00000000) refers (Special) to libinit2.o(.ARM.Collect$$libinit$$00000021) for __rt_lib_init_clock_1
    libinit.o(.ARM.Collect$$libinit$$00000000) refers (Special) to libinit2.o(.ARM.Collect$$libinit$$00000032) for __rt_lib_init_cpp_1
    libinit.o(.ARM.Collect$$libinit$$00000000) refers (Special) to libinit2.o(.ARM.Collect$$libinit$$00000030) for __rt_lib_init_exceptions_1
    libinit.o(.ARM.Collect$$libinit$$00000000) refers (Special) to libinit2.o(.ARM.Collect$$libinit$$00000002) for __rt_lib_init_fp_1
    libinit.o(.ARM.Collect$$libinit$$00000000) refers (Special) to libinit2.o(.ARM.Collect$$libinit$$0000001F) for __rt_lib_init_fp_trap_1
    libinit.o(.ARM.Collect$$libinit$$00000000) refers (Special) to libinit2.o(.ARM.Collect$$libinit$$00000023) for __rt_lib_init_getenv_1
    libinit.o(.ARM.Collect$$libinit$$00000000) refers (Special) to libinit2.o(.ARM.Collect$$libinit$$0000000A) for __rt_lib_init_heap_1
    libinit.o(.ARM.Collect$$libinit$$00000000) refers (Special) to libinit2.o(.ARM.Collect$$libinit$$00000011) for __rt_lib_init_lc_collate_1
    libinit.o(.ARM.Collect$$libinit$$00000000) refers (Special) to libinit2.o(.ARM.Collect$$libinit$$00000013) for __rt_lib_init_lc_ctype_1
    libinit.o(.ARM.Collect$$libinit$$00000000) refers (Special) to libinit2.o(.ARM.Collect$$libinit$$00000015) for __rt_lib_init_lc_monetary_1
    libinit.o(.ARM.Collect$$libinit$$00000000) refers (Special) to libinit2.o(.ARM.Collect$$libinit$$00000017) for __rt_lib_init_lc_numeric_1
    libinit.o(.ARM.Collect$$libinit$$00000000) refers (Special) to libinit2.o(.ARM.Collect$$libinit$$00000019) for __rt_lib_init_lc_time_1
    libinit.o(.ARM.Collect$$libinit$$00000000) refers (Special) to libinit2.o(.ARM.Collect$$libinit$$00000004) for __rt_lib_init_preinit_1
    libinit.o(.ARM.Collect$$libinit$$00000000) refers (Special) to libinit2.o(.ARM.Collect$$libinit$$0000000E) for __rt_lib_init_rand_1
    libinit.o(.ARM.Collect$$libinit$$00000000) refers (Special) to libinit2.o(.ARM.Collect$$libinit$$00000033) for __rt_lib_init_return
    libinit.o(.ARM.Collect$$libinit$$00000000) refers (Special) to libinit2.o(.ARM.Collect$$libinit$$0000001D) for __rt_lib_init_signal_1
    libinit.o(.ARM.Collect$$libinit$$00000000) refers (Special) to libinit2.o(.ARM.Collect$$libinit$$00000025) for __rt_lib_init_stdio_1
    libinit.o(.ARM.Collect$$libinit$$00000000) refers (Special) to libinit2.o(.ARM.Collect$$libinit$$0000000C) for __rt_lib_init_user_alloc_1
    sys_exit.o(.text) refers (Special) to use_no_semi.o(.text) for __I$use$semihosting
    sys_exit.o(.text) refers (Special) to indicate_semi.o(.text) for __semihosting_library_function
    rtexit.o(.ARM.Collect$$rtexit$$00000000) refers (Special) to rtexit2.o(.ARM.Collect$$rtexit$$00000004) for __rt_exit_exit
    rtexit.o(.ARM.Collect$$rtexit$$00000000) refers (Special) to rtexit2.o(.ARM.Collect$$rtexit$$00000003) for __rt_exit_ls
    rtexit.o(.ARM.Collect$$rtexit$$00000000) refers (Special) to rtexit2.o(.ARM.Collect$$rtexit$$00000002) for __rt_exit_prels_1
    rtexit.o(.ARM.exidx) refers (Special) to rtexit2.o(.ARM.Collect$$rtexit$$00000004) for __rt_exit_exit
    rtexit.o(.ARM.exidx) refers (Special) to rtexit2.o(.ARM.Collect$$rtexit$$00000003) for __rt_exit_ls
    rtexit.o(.ARM.exidx) refers (Special) to rtexit2.o(.ARM.Collect$$rtexit$$00000002) for __rt_exit_prels_1
    rtexit.o(.ARM.exidx) refers to rtexit.o(.ARM.Collect$$rtexit$$00000000) for .ARM.Collect$$rtexit$$00000000
    __raise.o(.text) refers to defsig.o(CL$$defsig) for __default_signal_handler
    defsig_general.o(.text) refers to sys_wrch.o(.text) for _ttywrch
    libshutdown2.o(.ARM.Collect$$libshutdown$$0000000C) refers (Weak) to term_alloc.o(.text) for _terminate_alloc
    sys_wrch.o(.text) refers (Special) to use_no_semi.o(.text) for __I$use$semihosting
    sys_wrch.o(.text) refers (Special) to indicate_semi.o(.text) for __semihosting_library_function
    rtexit2.o(.ARM.Collect$$rtexit$$00000003) refers to libshutdown.o(.ARM.Collect$$libshutdown$$00000000) for __rt_lib_shutdown
    rtexit2.o(.ARM.Collect$$rtexit$$00000004) refers to sys_exit.o(.text) for _sys_exit
    rtexit2.o(.ARM.exidx) refers to rtexit2.o(.ARM.Collect$$rtexit$$00000001) for .ARM.Collect$$rtexit$$00000001
    rtexit2.o(.ARM.exidx) refers to rtexit2.o(.ARM.Collect$$rtexit$$00000003) for .ARM.Collect$$rtexit$$00000003
    rtexit2.o(.ARM.exidx) refers to rtexit2.o(.ARM.Collect$$rtexit$$00000004) for .ARM.Collect$$rtexit$$00000004
    defsig.o(CL$$defsig) refers to defsig_rtmem_inner.o(.text) for __rt_SIGRTMEM_inner
    defsig_abrt_inner.o(.text) refers to defsig_general.o(.text) for __default_signal_display
    defsig_fpe_inner.o(.text) refers to defsig_general.o(.text) for __default_signal_display
    defsig_rtred_inner.o(.text) refers to defsig_general.o(.text) for __default_signal_display
    defsig_stak_inner.o(.text) refers to defsig_general.o(.text) for __default_signal_display
    defsig_pvfn_inner.o(.text) refers to defsig_general.o(.text) for __default_signal_display
    defsig_cppl_inner.o(.text) refers to defsig_general.o(.text) for __default_signal_display
    defsig_segv_inner.o(.text) refers to defsig_general.o(.text) for __default_signal_display
    defsig_other.o(.text) refers to defsig_general.o(.text) for __default_signal_display
    libshutdown.o(.ARM.Collect$$libshutdown$$00000000) refers (Special) to libshutdown2.o(.ARM.Collect$$libshutdown$$00000006) for __rt_lib_shutdown_fp_trap_1
    libshutdown.o(.ARM.Collect$$libshutdown$$00000000) refers (Special) to libshutdown2.o(.ARM.Collect$$libshutdown$$0000000E) for __rt_lib_shutdown_heap_1
    libshutdown.o(.ARM.Collect$$libshutdown$$00000000) refers (Special) to libshutdown2.o(.ARM.Collect$$libshutdown$$0000000F) for __rt_lib_shutdown_return
    libshutdown.o(.ARM.Collect$$libshutdown$$00000000) refers (Special) to libshutdown2.o(.ARM.Collect$$libshutdown$$00000009) for __rt_lib_shutdown_signal_1
    libshutdown.o(.ARM.Collect$$libshutdown$$00000000) refers (Special) to libshutdown2.o(.ARM.Collect$$libshutdown$$00000003) for __rt_lib_shutdown_stdio_1
    libshutdown.o(.ARM.Collect$$libshutdown$$00000000) refers (Special) to libshutdown2.o(.ARM.Collect$$libshutdown$$0000000B) for __rt_lib_shutdown_user_alloc_1


==============================================================================

Removing Unused input sections from the image.

    Removing core_cm3.o(.emb_text), (32 bytes).
    Removing gui.o(.text), (652 bytes).
    Removing gui.o(.bss), (750 bytes).
    Removing gui.o(.data), (65 bytes).
    Removing guifunc.o(.text), (204 bytes).
    Removing guifunc.o(.data), (8 bytes).
    Removing io.o(.text), (180 bytes).

7 unused section(s) (total 1891 bytes) removed from the image.

==============================================================================

Image Symbol Table

    Local Symbols

    Symbol Name                              Value     Ov Type        Size  Object(Section)

    ../clib/angel/boardlib.s                 0x00000000   Number         0  boardinit3.o ABSOLUTE
    ../clib/angel/boardlib.s                 0x00000000   Number         0  boardshut.o ABSOLUTE
    ../clib/angel/boardlib.s                 0x00000000   Number         0  boardinit2.o ABSOLUTE
    ../clib/angel/boardlib.s                 0x00000000   Number         0  boardinit1.o ABSOLUTE
    ../clib/angel/dczerorl2.s                0x00000000   Number         0  __dczerorl2.o ABSOLUTE
    ../clib/angel/handlers.s                 0x00000000   Number         0  __scatter_zi.o ABSOLUTE
    ../clib/angel/kernel.s                   0x00000000   Number         0  __rtentry4.o ABSOLUTE
    ../clib/angel/kernel.s                   0x00000000   Number         0  __rtentry2.o ABSOLUTE
    ../clib/angel/kernel.s                   0x00000000   Number         0  rtexit2.o ABSOLUTE
    ../clib/angel/kernel.s                   0x00000000   Number         0  rtexit.o ABSOLUTE
    ../clib/angel/kernel.s                   0x00000000   Number         0  __rtentry.o ABSOLUTE
    ../clib/angel/rt.s                       0x00000000   Number         0  rt_heap_descriptor.o ABSOLUTE
    ../clib/angel/rt.s                       0x00000000   Number         0  rt_heap_descriptor_intlibspace.o ABSOLUTE
    ../clib/angel/rt.s                       0x00000000   Number         0  rt_raise.o ABSOLUTE
    ../clib/angel/scatter.s                  0x00000000   Number         0  __scatter.o ABSOLUTE
    ../clib/angel/startup.s                  0x00000000   Number         0  __main.o ABSOLUTE
    ../clib/angel/sys.s                      0x00000000   Number         0  indicate_semi.o ABSOLUTE
    ../clib/angel/sys.s                      0x00000000   Number         0  libspace.o ABSOLUTE
    ../clib/angel/sys.s                      0x00000000   Number         0  mutex_dummy.o ABSOLUTE
    ../clib/angel/sys.s                      0x00000000   Number         0  use_no_semi.o ABSOLUTE
    ../clib/angel/sys.s                      0x00000000   Number         0  sys_stackheap_outer.o ABSOLUTE
    ../clib/angel/sysapp.c                   0x00000000   Number         0  sys_wrch.o ABSOLUTE
    ../clib/angel/sysapp.c                   0x00000000   Number         0  sys_command.o ABSOLUTE
    ../clib/angel/sysapp.c                   0x00000000   Number         0  sys_exit.o ABSOLUTE
    ../clib/armsys.c                         0x00000000   Number         0  _get_argv_nomalloc.o ABSOLUTE
    ../clib/armsys.c                         0x00000000   Number         0  _get_argv.o ABSOLUTE
    ../clib/armsys.c                         0x00000000   Number         0  no_argv.o ABSOLUTE
    ../clib/armsys.c                         0x00000000   Number         0  argv_veneer.o ABSOLUTE
    ../clib/armsys.c                         0x00000000   Number         0  argv_veneer.o ABSOLUTE
    ../clib/heap1.c                          0x00000000   Number         0  h1_init.o ABSOLUTE
    ../clib/heap1.c                          0x00000000   Number         0  h1_final_mt.o ABSOLUTE
    ../clib/heap1.c                          0x00000000   Number         0  h1_alloc_mt.o ABSOLUTE
    ../clib/heap1.c                          0x00000000   Number         0  h1_free.o ABSOLUTE
    ../clib/heap1.c                          0x00000000   Number         0  h1_free_mt.o ABSOLUTE
    ../clib/heap1.c                          0x00000000   Number         0  h1_extend.o ABSOLUTE
    ../clib/heap1.c                          0x00000000   Number         0  h1_final.o ABSOLUTE
    ../clib/heap1.c                          0x00000000   Number         0  h1_extend_mt.o ABSOLUTE
    ../clib/heap1.c                          0x00000000   Number         0  h1_init_mt.o ABSOLUTE
    ../clib/heap1.c                          0x00000000   Number         0  h1_alloc.o ABSOLUTE
    ../clib/heap2.c                          0x00000000   Number         0  heap2.o ABSOLUTE
    ../clib/heap2.c                          0x00000000   Number         0  fdtree.o ABSOLUTE
    ../clib/heap2.c                          0x00000000   Number         0  heap2mt.o ABSOLUTE
    ../clib/heapalloc.c                      0x00000000   Number         0  hrguard.o ABSOLUTE
    ../clib/heapalloc.c                      0x00000000   Number         0  maybetermalloc1.o ABSOLUTE
    ../clib/heapalloc.c                      0x00000000   Number         0  maybetermalloc1.o ABSOLUTE
    ../clib/heapalloc.c                      0x00000000   Number         0  malloc.o ABSOLUTE
    ../clib/heapalloc.c                      0x00000000   Number         0  free.o ABSOLUTE
    ../clib/heapalloc.c                      0x00000000   Number         0  term_alloc.o ABSOLUTE
    ../clib/heapalloc.c                      0x00000000   Number         0  heapstubs.o ABSOLUTE
    ../clib/heapalloc.c                      0x00000000   Number         0  maybetermalloc2.o ABSOLUTE
    ../clib/heapalloc.c                      0x00000000   Number         0  init_alloc.o ABSOLUTE
    ../clib/heapalloc.c                      0x00000000   Number         0  maybetermalloc2.o ABSOLUTE
    ../clib/heapalloc.c                      0x00000000   Number         0  hguard.o ABSOLUTE
    ../clib/heapaux.c                        0x00000000   Number         0  heapauxa.o ABSOLUTE
    ../clib/heapaux.c                        0x00000000   Number         0  heapauxi.o ABSOLUTE
    ../clib/libinit.s                        0x00000000   Number         0  libshutdown2.o ABSOLUTE
    ../clib/libinit.s                        0x00000000   Number         0  libinit.o ABSOLUTE
    ../clib/libinit.s                        0x00000000   Number         0  libshutdown.o ABSOLUTE
    ../clib/libinit.s                        0x00000000   Number         0  libinit2.o ABSOLUTE
    ../clib/memcpset.s                       0x00000000   Number         0  rt_memcpy_w.o ABSOLUTE
    ../clib/signal.c                         0x00000000   Number         0  defsig_rtred_inner.o ABSOLUTE
    ../clib/signal.c                         0x00000000   Number         0  defsig_abrt_inner.o ABSOLUTE
    ../clib/signal.c                         0x00000000   Number         0  defsig_rtmem_formal.o ABSOLUTE
    ../clib/signal.c                         0x00000000   Number         0  defsig_other.o ABSOLUTE
    ../clib/signal.c                         0x00000000   Number         0  defsig_rtmem_outer.o ABSOLUTE
    ../clib/signal.c                         0x00000000   Number         0  defsig_general.o ABSOLUTE
    ../clib/signal.c                         0x00000000   Number         0  defsig_rtmem_inner.o ABSOLUTE
    ../clib/signal.c                         0x00000000   Number         0  defsig_exit.o ABSOLUTE
    ../clib/signal.c                         0x00000000   Number         0  defsig_segv_inner.o ABSOLUTE
    ../clib/signal.c                         0x00000000   Number         0  defsig_cppl_inner.o ABSOLUTE
    ../clib/signal.c                         0x00000000   Number         0  defsig_pvfn_inner.o ABSOLUTE
    ../clib/signal.c                         0x00000000   Number         0  defsig_stak_inner.o ABSOLUTE
    ../clib/signal.c                         0x00000000   Number         0  __raise.o ABSOLUTE
    ../clib/signal.c                         0x00000000   Number         0  defsig_fpe_inner.o ABSOLUTE
    ../clib/signal.s                         0x00000000   Number         0  defsig.o ABSOLUTE
    ../clib/stdlib.c                         0x00000000   Number         0  exit.o ABSOLUTE
    ../fplib/fpinit.s                        0x00000000   Number         0  fpinit.o ABSOLUTE
    ..\App\app.c                             0x00000000   Number         0  app.o ABSOLUTE
    ..\App\main.c                            0x00000000   Number         0  main.o ABSOLUTE
    ..\App\task.c                            0x00000000   Number         0  task.o ABSOLUTE
    ..\Core\Core_app.c                       0x00000000   Number         0  core_app.o ABSOLUTE
    ..\Core\Core_event.c                     0x00000000   Number         0  core_event.o ABSOLUTE
    ..\Core\Core_hal.c                       0x00000000   Number         0  core_hal.o ABSOLUTE
    ..\Core\Core_os.c                        0x00000000   Number         0  core_os.o ABSOLUTE
    ..\Core\stm32f10x_it.c                   0x00000000   Number         0  stm32f10x_it.o ABSOLUTE
    ..\Cpu\CMSIS\CM3\CoreSupport\core_cm3.c  0x00000000   Number         0  core_cm3.o ABSOLUTE
    ..\Cpu\CMSIS\CM3\DeviceSupport\ST\STM32F10x\startup\arm\startup_stm32f10x_cl.s 0x00000000   Number         0  startup_stm32f10x_cl.o ABSOLUTE
    ..\Cpu\CMSIS\CM3\DeviceSupport\ST\STM32F10x\system_stm32f10x.c 0x00000000   Number         0  system_stm32f10x.o ABSOLUTE
    ..\Driver\Dev\Gui\gui.c                  0x00000000   Number         0  gui.o ABSOLUTE
    ..\Driver\Dev\Gui\guifunc.c              0x00000000   Number         0  guifunc.o ABSOLUTE
    ..\Driver\Dev\IO\io.c                    0x00000000   Number         0  io.o ABSOLUTE
    ..\Driver\Dev\ModHost\modbus_host.c      0x00000000   Number         0  modbus_host.o ABSOLUTE
    ..\Driver\Dev\ModHost\modfunc_host.c     0x00000000   Number         0  modfunc_host.o ABSOLUTE
    ..\Driver\Dev\ModSlave\modbus_slave.c    0x00000000   Number         0  modbus_slave.o ABSOLUTE
    ..\Driver\Dev\ModSlave\modfunc_slave.c   0x00000000   Number         0  modfunc_slave.o ABSOLUTE
    ..\Driver\MCU\hal_gpio.c                 0x00000000   Number         0  hal_gpio.o ABSOLUTE
    ..\Driver\MCU\hal_spi.c                  0x00000000   Number         0  hal_spi.o ABSOLUTE
    ..\Driver\MCU\hal_systick.c              0x00000000   Number         0  hal_systick.o ABSOLUTE
    ..\Driver\MCU\hal_uart3.c                0x00000000   Number         0  hal_uart3.o ABSOLUTE
    ..\Driver\MCU\hal_uart5.c                0x00000000   Number         0  hal_uart5.o ABSOLUTE
    ..\Utility\bittool.c                     0x00000000   Number         0  bittool.o ABSOLUTE
    ..\Utility\crc.c                         0x00000000   Number         0  crc.o ABSOLUTE
    ..\Utility\queue.c                       0x00000000   Number         0  queue.o ABSOLUTE
    ..\\Cpu\\CMSIS\\CM3\\CoreSupport\\core_cm3.c 0x00000000   Number         0  core_cm3.o ABSOLUTE
    STM32F10x_StdPeriph_Driver\src\misc.c    0x00000000   Number         0  misc.o ABSOLUTE
    STM32F10x_StdPeriph_Driver\src\stm32f10x_gpio.c 0x00000000   Number         0  stm32f10x_gpio.o ABSOLUTE
    STM32F10x_StdPeriph_Driver\src\stm32f10x_rcc.c 0x00000000   Number         0  stm32f10x_rcc.o ABSOLUTE
    STM32F10x_StdPeriph_Driver\src\stm32f10x_usart.c 0x00000000   Number         0  stm32f10x_usart.o ABSOLUTE
    dc.s                                     0x00000000   Number         0  dc.o ABSOLUTE
    RESET                                    0x08000000   Section      336  startup_stm32f10x_cl.o(RESET)
    !!!main                                  0x08000150   Section        8  __main.o(!!!main)
    !!!scatter                               0x08000158   Section       52  __scatter.o(!!!scatter)
    !!dczerorl2                              0x0800018c   Section       90  __dczerorl2.o(!!dczerorl2)
    !!handler_zi                             0x080001e8   Section       28  __scatter_zi.o(!!handler_zi)
    .ARM.Collect$$libinit$$00000000          0x08000204   Section        2  libinit.o(.ARM.Collect$$libinit$$00000000)
    .ARM.Collect$$libinit$$00000002          0x08000206   Section        0  libinit2.o(.ARM.Collect$$libinit$$00000002)
    .ARM.Collect$$libinit$$00000004          0x08000206   Section        0  libinit2.o(.ARM.Collect$$libinit$$00000004)
    .ARM.Collect$$libinit$$00000005          0x08000206   Section        8  libinit2.o(.ARM.Collect$$libinit$$00000005)
    .ARM.Collect$$libinit$$0000000A          0x0800020e   Section        0  libinit2.o(.ARM.Collect$$libinit$$0000000A)
    .ARM.Collect$$libinit$$0000000C          0x0800020e   Section        0  libinit2.o(.ARM.Collect$$libinit$$0000000C)
    .ARM.Collect$$libinit$$0000000E          0x0800020e   Section        0  libinit2.o(.ARM.Collect$$libinit$$0000000E)
    .ARM.Collect$$libinit$$00000011          0x0800020e   Section        0  libinit2.o(.ARM.Collect$$libinit$$00000011)
    .ARM.Collect$$libinit$$00000013          0x0800020e   Section        0  libinit2.o(.ARM.Collect$$libinit$$00000013)
    .ARM.Collect$$libinit$$00000015          0x0800020e   Section        0  libinit2.o(.ARM.Collect$$libinit$$00000015)
    .ARM.Collect$$libinit$$00000017          0x0800020e   Section        0  libinit2.o(.ARM.Collect$$libinit$$00000017)
    .ARM.Collect$$libinit$$00000019          0x0800020e   Section        0  libinit2.o(.ARM.Collect$$libinit$$00000019)
    .ARM.Collect$$libinit$$0000001B          0x0800020e   Section        0  libinit2.o(.ARM.Collect$$libinit$$0000001B)
    .ARM.Collect$$libinit$$0000001D          0x0800020e   Section        0  libinit2.o(.ARM.Collect$$libinit$$0000001D)
    .ARM.Collect$$libinit$$0000001F          0x0800020e   Section        0  libinit2.o(.ARM.Collect$$libinit$$0000001F)
    .ARM.Collect$$libinit$$00000021          0x0800020e   Section        0  libinit2.o(.ARM.Collect$$libinit$$00000021)
    .ARM.Collect$$libinit$$00000023          0x0800020e   Section        0  libinit2.o(.ARM.Collect$$libinit$$00000023)
    .ARM.Collect$$libinit$$00000025          0x0800020e   Section        0  libinit2.o(.ARM.Collect$$libinit$$00000025)
    .ARM.Collect$$libinit$$0000002C          0x0800020e   Section        0  libinit2.o(.ARM.Collect$$libinit$$0000002C)
    .ARM.Collect$$libinit$$0000002E          0x0800020e   Section        0  libinit2.o(.ARM.Collect$$libinit$$0000002E)
    .ARM.Collect$$libinit$$00000030          0x0800020e   Section        0  libinit2.o(.ARM.Collect$$libinit$$00000030)
    .ARM.Collect$$libinit$$00000032          0x0800020e   Section        0  libinit2.o(.ARM.Collect$$libinit$$00000032)
    .ARM.Collect$$libinit$$00000033          0x0800020e   Section        2  libinit2.o(.ARM.Collect$$libinit$$00000033)
    .ARM.Collect$$libshutdown$$00000000      0x08000210   Section        2  libshutdown.o(.ARM.Collect$$libshutdown$$00000000)
    .ARM.Collect$$libshutdown$$00000003      0x08000212   Section        0  libshutdown2.o(.ARM.Collect$$libshutdown$$00000003)
    .ARM.Collect$$libshutdown$$00000006      0x08000212   Section        0  libshutdown2.o(.ARM.Collect$$libshutdown$$00000006)
    .ARM.Collect$$libshutdown$$00000009      0x08000212   Section        0  libshutdown2.o(.ARM.Collect$$libshutdown$$00000009)
    .ARM.Collect$$libshutdown$$0000000B      0x08000212   Section        0  libshutdown2.o(.ARM.Collect$$libshutdown$$0000000B)
    .ARM.Collect$$libshutdown$$0000000E      0x08000212   Section        0  libshutdown2.o(.ARM.Collect$$libshutdown$$0000000E)
    .ARM.Collect$$libshutdown$$0000000F      0x08000212   Section        2  libshutdown2.o(.ARM.Collect$$libshutdown$$0000000F)
    .ARM.Collect$$rtentry$$00000000          0x08000214   Section        0  __rtentry.o(.ARM.Collect$$rtentry$$00000000)
    .ARM.Collect$$rtentry$$00000002          0x08000214   Section        0  __rtentry2.o(.ARM.Collect$$rtentry$$00000002)
    .ARM.Collect$$rtentry$$00000004          0x08000214   Section        6  __rtentry4.o(.ARM.Collect$$rtentry$$00000004)
    .ARM.Collect$$rtentry$$00000009          0x0800021a   Section        0  __rtentry2.o(.ARM.Collect$$rtentry$$00000009)
    .ARM.Collect$$rtentry$$0000000A          0x0800021a   Section        4  __rtentry2.o(.ARM.Collect$$rtentry$$0000000A)
    .ARM.Collect$$rtentry$$0000000C          0x0800021e   Section        0  __rtentry2.o(.ARM.Collect$$rtentry$$0000000C)
    .ARM.Collect$$rtentry$$0000000D          0x0800021e   Section        8  __rtentry2.o(.ARM.Collect$$rtentry$$0000000D)
    .ARM.Collect$$rtexit$$00000000           0x08000226   Section        2  rtexit.o(.ARM.Collect$$rtexit$$00000000)
    .ARM.Collect$$rtexit$$00000002           0x08000228   Section        0  rtexit2.o(.ARM.Collect$$rtexit$$00000002)
    .ARM.Collect$$rtexit$$00000003           0x08000228   Section        4  rtexit2.o(.ARM.Collect$$rtexit$$00000003)
    .ARM.Collect$$rtexit$$00000004           0x0800022c   Section        6  rtexit2.o(.ARM.Collect$$rtexit$$00000004)
    .emb_text                                0x08000234   Section        0  maybetermalloc1.o(.emb_text)
    .text                                    0x08000234   Section        0  main.o(.text)
    .text                                    0x08000244   Section        0  task.o(.text)
    .text                                    0x08000260   Section        0  app.o(.text)
    SPI_CheckSum                             0x08000261   Thumb Code    32  app.o(.text)
    Task_Data_Process                        0x08000281   Thumb Code   248  app.o(.text)
    Task_Air_Condition                       0x08000379   Thumb Code   798  app.o(.text)
    Task_XinFeng                             0x08000697   Thumb Code   244  app.o(.text)
    Task_Humidity                            0x0800078b   Thumb Code   126  app.o(.text)
    Task_Drain_PUMP                          0x08000809   Thumb Code    50  app.o(.text)
    Task_Close                               0x0800083b   Thumb Code   148  app.o(.text)
    .text                                    0x0800091c   Section        0  stm32f10x_it.o(.text)
    .text                                    0x08000934   Section        0  core_hal.o(.text)
    .text                                    0x08000956   Section        0  core_app.o(.text)
    .text                                    0x08000958   Section        0  core_event.o(.text)
    .text                                    0x08000a5c   Section        0  core_os.o(.text)
    .text                                    0x08000adc   Section        0  system_stm32f10x.o(.text)
    SetSysClockTo72                          0x08000add   Thumb Code   264  system_stm32f10x.o(.text)
    SetSysClock                              0x08000be5   Thumb Code     8  system_stm32f10x.o(.text)
    .text                                    0x08000d60   Section       64  startup_stm32f10x_cl.o(.text)
    .text                                    0x08000da0   Section        0  hal_uart5.o(.text)
    Usart5Dummy                              0x08000da1   Thumb Code     2  hal_uart5.o(.text)
    Register                                 0x08000da3   Thumb Code     6  hal_uart5.o(.text)
    Uart5_Send                               0x08000da9   Thumb Code    58  hal_uart5.o(.text)
    Uart5_NVICConfig                         0x08000de3   Thumb Code    36  hal_uart5.o(.text)
    Hal_RS485_IOInit                         0x08000e07   Thumb Code    40  hal_uart5.o(.text)
    .text                                    0x08000f08   Section        0  hal_uart3.o(.text)
    Usart3Dummy                              0x08000f09   Thumb Code     2  hal_uart3.o(.text)
    Register                                 0x08000f0b   Thumb Code     6  hal_uart3.o(.text)
    Usart3_Send                              0x08000f11   Thumb Code    62  hal_uart3.o(.text)
    Usart3_NVICConfig                        0x08000f4f   Thumb Code    36  hal_uart3.o(.text)
    .text                                    0x0800107c   Section        0  hal_spi.o(.text)
    Hal_Spi_Deay                             0x0800107d   Thumb Code    30  hal_spi.o(.text)
    Hal_Spi_Write_Read                       0x0800109b   Thumb Code   224  hal_spi.o(.text)
    .text                                    0x080011f0   Section        0  hal_systick.o(.text)
    RegisterSystick                          0x080011f3   Thumb Code    74  hal_systick.o(.text)
    TaskUpdate                               0x0800123d   Thumb Code    80  hal_systick.o(.text)
    TaskProcess                              0x0800128d   Thumb Code    46  hal_systick.o(.text)
    .text                                    0x08001340   Section        0  hal_gpio.o(.text)
    Hal_GpioRead                             0x08001341   Thumb Code    12  hal_gpio.o(.text)
    Hal_GpioOutOff                           0x0800134d   Thumb Code     4  hal_gpio.o(.text)
    Hal_GpioOutOn                            0x08001351   Thumb Code     4  hal_gpio.o(.text)
    .text                                    0x08001418   Section        0  modbus_host.o(.text)
    Receive                                  0x08001419   Thumb Code    14  modbus_host.o(.text)
    ModHostTimeExpire                        0x08001427   Thumb Code    30  modbus_host.o(.text)
    ModHostDispath                           0x08001445   Thumb Code    12  modbus_host.o(.text)
    ModHostRun                               0x08001451   Thumb Code     6  modbus_host.o(.text)
    ModHostError                             0x08001457   Thumb Code    94  modbus_host.o(.text)
    ModHostExec                              0x080014b5   Thumb Code   126  modbus_host.o(.text)
    ModHostReceive                           0x08001533   Thumb Code   320  modbus_host.o(.text)
    ModHostSendCmd                           0x08001673   Thumb Code   116  modbus_host.o(.text)
    HostInit                                 0x080016e7   Thumb Code    20  modbus_host.o(.text)
    ModHostPoll                              0x080016fb   Thumb Code    12  modbus_host.o(.text)
    .text                                    0x0800176c   Section        0  modfunc_host.o(.text)
    .text                                    0x080017ec   Section        0  modbus_slave.o(.text)
    Receive                                  0x080017ed   Thumb Code    14  modbus_slave.o(.text)
    ModSalveTimeExpire                       0x080017fb   Thumb Code    30  modbus_slave.o(.text)
    ModSlaveDispath                          0x08001819   Thumb Code    16  modbus_slave.o(.text)
    ModSlaveRun                              0x08001829   Thumb Code     6  modbus_slave.o(.text)
    ModSlaveError                            0x0800182f   Thumb Code   126  modbus_slave.o(.text)
    ModSlaveExec                             0x080018ad   Thumb Code   104  modbus_slave.o(.text)
    ModSlaveReceive                          0x08001915   Thumb Code   262  modbus_slave.o(.text)
    SlaveSend                                0x08001a1b   Thumb Code    72  modbus_slave.o(.text)
    SlaveInit                                0x08001a63   Thumb Code    14  modbus_slave.o(.text)
    ModSlavePoll                             0x08001a71   Thumb Code    16  modbus_slave.o(.text)
    .text                                    0x08001adc   Section        0  modfunc_slave.o(.text)
    .text                                    0x08001b8c   Section        0  queue.o(.text)
    .text                                    0x08001c7c   Section        0  crc.o(.text)
    .text                                    0x08001cb4   Section        0  bittool.o(.text)
    .text                                    0x08001d08   Section        0  misc.o(.text)
    .text                                    0x08001de4   Section        0  stm32f10x_gpio.o(.text)
    .text                                    0x0800213c   Section        0  stm32f10x_rcc.o(.text)
    .text                                    0x08002640   Section        0  stm32f10x_usart.o(.text)
    .text                                    0x08002a48   Section        0  h1_alloc.o(.text)
    .text                                    0x08002aa6   Section        0  h1_free.o(.text)
    .text                                    0x08002af4   Section        0  heapauxi.o(.text)
    .text                                    0x08002afc   Section        8  rt_heap_descriptor_intlibspace.o(.text)
    .text                                    0x08002b04   Section        0  hguard.o(.text)
    .text                                    0x08002b08   Section        0  init_alloc.o(.text)
    .text                                    0x08002b92   Section        0  h1_init.o(.text)
    .text                                    0x08002ba0   Section        8  libspace.o(.text)
    .text                                    0x08002ba8   Section        0  h1_extend.o(.text)
    .text                                    0x08002bdc   Section        0  defsig_rtmem_outer.o(.text)
    .text                                    0x08002bea   Section        2  use_no_semi.o(.text)
    .text                                    0x08002bec   Section        0  indicate_semi.o(.text)
    .text                                    0x08002bec   Section       74  sys_stackheap_outer.o(.text)
    .text                                    0x08002c36   Section        0  exit.o(.text)
    .text                                    0x08002c42   Section        0  defsig_exit.o(.text)
    .text                                    0x08002c4c   Section        0  defsig_rtmem_inner.o(.text)
    .text                                    0x08002c9c   Section        0  sys_exit.o(.text)
    .text                                    0x08002ca8   Section        0  defsig_general.o(.text)
    .text                                    0x08002cda   Section        0  sys_wrch.o(.text)
    .constdata                               0x08002ce8   Section        5  core_app.o(.constdata)
    .constdata                               0x08002ced   Section      512  crc.o(.constdata)
    aucCRCHi                                 0x08002ced   Data         256  crc.o(.constdata)
    aucCRCLo                                 0x08002ded   Data         256  crc.o(.constdata)
    .data                                    0x20000000   Section        4  task.o(.data)
    u32Temp                                  0x20000000   Data           4  task.o(.data)
    .data                                    0x20000004   Section        4  core_event.o(.data)
    sg_u16EvtFirst                           0x20000004   Data           2  core_event.o(.data)
    sg_u16EvtCnt                             0x20000006   Data           2  core_event.o(.data)
    .data                                    0x20000008   Section       16  core_os.o(.data)
    sg_pfPoll                                0x20000008   Data           4  core_os.o(.data)
    sg_tEvt                                  0x2000000c   Data           8  core_os.o(.data)
    sg_ptEvt                                 0x20000014   Data           4  core_os.o(.data)
    .data                                    0x20000018   Section       20  system_stm32f10x.o(.data)
    .data                                    0x2000002c   Section        4  hal_uart5.o(.data)
    Rxd5                                     0x2000002c   Data           4  hal_uart5.o(.data)
    .data                                    0x20000030   Section        4  hal_uart3.o(.data)
    Rxd3                                     0x20000030   Data           4  hal_uart3.o(.data)
    .data                                    0x20000034   Section      164  hal_systick.o(.data)
    ucTaskPos                                0x20000034   Data           1  hal_systick.o(.data)
    stTaskComps                              0x20000038   Data         160  hal_systick.o(.data)
    .data                                    0x200000d8   Section       97  modbus_host.o(.data)
    xFuncHandler                             0x200000d8   Data          24  modbus_host.o(.data)
    xCmdHanler                               0x200000f0   Data          22  modbus_host.o(.data)
    sg_tQueue                                0x20000108   Data           8  modbus_host.o(.data)
    ucTimes                                  0x20000110   Data           2  modbus_host.o(.data)
    pfStateFunc                              0x20000114   Data           4  modbus_host.o(.data)
    ucerrortimes                             0x20000138   Data           1  modbus_host.o(.data)
    .data                                    0x2000013c   Section        8  modfunc_host.o(.data)
    HostData                                 0x2000013c   Data           8  modfunc_host.o(.data)
    .data                                    0x20000144   Section       65  modbus_slave.o(.data)
    xFuncHandler                             0x20000144   Data          24  modbus_slave.o(.data)
    sg_tQueue                                0x2000015c   Data           8  modbus_slave.o(.data)
    ucTimes                                  0x20000164   Data           2  modbus_slave.o(.data)
    pfStateFunc                              0x20000168   Data           4  modbus_slave.o(.data)
    ucerrortimes                             0x20000184   Data           1  modbus_slave.o(.data)
    .data                                    0x20000188   Section        4  modfunc_slave.o(.data)
    SlaveData                                0x20000188   Data           4  modfunc_slave.o(.data)
    .data                                    0x2000018c   Section       20  stm32f10x_rcc.o(.data)
    APBAHBPrescTable                         0x2000018c   Data          16  stm32f10x_rcc.o(.data)
    ADCPrescTable                            0x2000019c   Data           4  stm32f10x_rcc.o(.data)
    .bss                                     0x200001a0   Section       52  app.o(.bss)
    .bss                                     0x200001d4   Section       40  core_hal.o(.bss)
    .bss                                     0x200001fc   Section      268  core_app.o(.bss)
    .bss                                     0x20000308   Section      240  core_event.o(.bss)
    sg_atEvtQueue                            0x20000308   Data         240  core_event.o(.bss)
    .bss                                     0x200003f8   Section      750  modbus_host.o(.bss)
    sg_au8Queue                              0x200003f8   Data         250  modbus_host.o(.bss)
    ucFrameBuf                               0x200004f2   Data         250  modbus_host.o(.bss)
    ucSnedeBuf                               0x200005ec   Data         250  modbus_host.o(.bss)
    .bss                                     0x200006e6   Section      750  modbus_slave.o(.bss)
    sg_au8Queue                              0x200006e6   Data         250  modbus_slave.o(.bss)
    ucRevBuf                                 0x200007e0   Data         250  modbus_slave.o(.bss)
    ucSendBuf                                0x200008da   Data         250  modbus_slave.o(.bss)
    .bss                                     0x200009d4   Section       96  libspace.o(.bss)
    HEAP                                     0x20000a38   Section      512  startup_stm32f10x_cl.o(HEAP)
    Heap_Mem                                 0x20000a38   Data         512  startup_stm32f10x_cl.o(HEAP)
    STACK                                    0x20000c38   Section     1024  startup_stm32f10x_cl.o(STACK)
    Stack_Mem                                0x20000c38   Data        1024  startup_stm32f10x_cl.o(STACK)
    __initial_sp                             0x20001038   Data           0  startup_stm32f10x_cl.o(STACK)

    Global Symbols

    Symbol Name                              Value     Ov Type        Size  Object(Section)

    BuildAttributes$$THM_ISAv4$P$D$K$B$S$PE$A:L22UL41UL21$X:L11$S22US41US21$IEEE1$IW$USESV6$~STKCKD$USESV7$~SHL$OTIME$ROPI$EBA8$UX$STANDARDLIB$REQ8$PRES8$EABIv2 0x00000000   Number         0  anon$$obj.o ABSOLUTE
    __ARM_use_no_argv                        0x00000000   Number         0  main.o ABSOLUTE
    __ARM_exceptions_init                     - Undefined Weak Reference
    __alloca_initialize                       - Undefined Weak Reference
    __arm_preinit_                            - Undefined Weak Reference
    __cpp_initialize__aeabi_                  - Undefined Weak Reference
    __cxa_finalize                            - Undefined Weak Reference
    __rt_locale                               - Undefined Weak Reference
    __sigvec_lookup                           - Undefined Weak Reference
    __user_heap_extent                        - Undefined Weak Reference
    _atexit_init                              - Undefined Weak Reference
    _call_atexit_fns                          - Undefined Weak Reference
    _clock_init                               - Undefined Weak Reference
    _fp_trap_init                             - Undefined Weak Reference
    _fp_trap_shutdown                         - Undefined Weak Reference
    _get_lc_collate                           - Undefined Weak Reference
    _get_lc_ctype                             - Undefined Weak Reference
    _get_lc_monetary                          - Undefined Weak Reference
    _get_lc_numeric                           - Undefined Weak Reference
    _get_lc_time                              - Undefined Weak Reference
    _getenv_init                              - Undefined Weak Reference
    _handle_redirection                       - Undefined Weak Reference
    _initio                                   - Undefined Weak Reference
    _mutex_acquire                            - Undefined Weak Reference
    _mutex_free                               - Undefined Weak Reference
    _mutex_release                            - Undefined Weak Reference
    _rand_init                                - Undefined Weak Reference
    _signal_finish                            - Undefined Weak Reference
    _signal_init                              - Undefined Weak Reference
    _terminateio                              - Undefined Weak Reference
    __Vectors_Size                           0x00000150   Number         0  startup_stm32f10x_cl.o ABSOLUTE
    __Vectors                                0x08000000   Data           4  startup_stm32f10x_cl.o(RESET)
    __Vectors_End                            0x08000150   Data           0  startup_stm32f10x_cl.o(RESET)
    __main                                   0x08000151   Thumb Code     8  __main.o(!!!main)
    __scatterload                            0x08000159   Thumb Code     0  __scatter.o(!!!scatter)
    __scatterload_rt2                        0x08000159   Thumb Code    44  __scatter.o(!!!scatter)
    __scatterload_rt2_thumb_only             0x08000159   Thumb Code     0  __scatter.o(!!!scatter)
    __scatterload_null                       0x08000167   Thumb Code     0  __scatter.o(!!!scatter)
    __decompress                             0x0800018d   Thumb Code    90  __dczerorl2.o(!!dczerorl2)
    __decompress1                            0x0800018d   Thumb Code     0  __dczerorl2.o(!!dczerorl2)
    __scatterload_zeroinit                   0x080001e9   Thumb Code    28  __scatter_zi.o(!!handler_zi)
    __rt_lib_init                            0x08000205   Thumb Code     0  libinit.o(.ARM.Collect$$libinit$$00000000)
    __rt_lib_init_fp_1                       0x08000207   Thumb Code     0  libinit2.o(.ARM.Collect$$libinit$$00000002)
    __rt_lib_init_heap_2                     0x08000207   Thumb Code     0  libinit2.o(.ARM.Collect$$libinit$$00000005)
    __rt_lib_init_preinit_1                  0x08000207   Thumb Code     0  libinit2.o(.ARM.Collect$$libinit$$00000004)
    __rt_lib_init_alloca_1                   0x0800020f   Thumb Code     0  libinit2.o(.ARM.Collect$$libinit$$0000002E)
    __rt_lib_init_argv_1                     0x0800020f   Thumb Code     0  libinit2.o(.ARM.Collect$$libinit$$0000002C)
    __rt_lib_init_atexit_1                   0x0800020f   Thumb Code     0  libinit2.o(.ARM.Collect$$libinit$$0000001B)
    __rt_lib_init_clock_1                    0x0800020f   Thumb Code     0  libinit2.o(.ARM.Collect$$libinit$$00000021)
    __rt_lib_init_cpp_1                      0x0800020f   Thumb Code     0  libinit2.o(.ARM.Collect$$libinit$$00000032)
    __rt_lib_init_exceptions_1               0x0800020f   Thumb Code     0  libinit2.o(.ARM.Collect$$libinit$$00000030)
    __rt_lib_init_fp_trap_1                  0x0800020f   Thumb Code     0  libinit2.o(.ARM.Collect$$libinit$$0000001F)
    __rt_lib_init_getenv_1                   0x0800020f   Thumb Code     0  libinit2.o(.ARM.Collect$$libinit$$00000023)
    __rt_lib_init_heap_1                     0x0800020f   Thumb Code     0  libinit2.o(.ARM.Collect$$libinit$$0000000A)
    __rt_lib_init_lc_collate_1               0x0800020f   Thumb Code     0  libinit2.o(.ARM.Collect$$libinit$$00000011)
    __rt_lib_init_lc_ctype_1                 0x0800020f   Thumb Code     0  libinit2.o(.ARM.Collect$$libinit$$00000013)
    __rt_lib_init_lc_monetary_1              0x0800020f   Thumb Code     0  libinit2.o(.ARM.Collect$$libinit$$00000015)
    __rt_lib_init_lc_numeric_1               0x0800020f   Thumb Code     0  libinit2.o(.ARM.Collect$$libinit$$00000017)
    __rt_lib_init_lc_time_1                  0x0800020f   Thumb Code     0  libinit2.o(.ARM.Collect$$libinit$$00000019)
    __rt_lib_init_rand_1                     0x0800020f   Thumb Code     0  libinit2.o(.ARM.Collect$$libinit$$0000000E)
    __rt_lib_init_return                     0x0800020f   Thumb Code     0  libinit2.o(.ARM.Collect$$libinit$$00000033)
    __rt_lib_init_signal_1                   0x0800020f   Thumb Code     0  libinit2.o(.ARM.Collect$$libinit$$0000001D)
    __rt_lib_init_stdio_1                    0x0800020f   Thumb Code     0  libinit2.o(.ARM.Collect$$libinit$$00000025)
    __rt_lib_init_user_alloc_1               0x0800020f   Thumb Code     0  libinit2.o(.ARM.Collect$$libinit$$0000000C)
    __rt_lib_shutdown                        0x08000211   Thumb Code     0  libshutdown.o(.ARM.Collect$$libshutdown$$00000000)
    __rt_lib_shutdown_fp_trap_1              0x08000213   Thumb Code     0  libshutdown2.o(.ARM.Collect$$libshutdown$$00000006)
    __rt_lib_shutdown_heap_1                 0x08000213   Thumb Code     0  libshutdown2.o(.ARM.Collect$$libshutdown$$0000000E)
    __rt_lib_shutdown_return                 0x08000213   Thumb Code     0  libshutdown2.o(.ARM.Collect$$libshutdown$$0000000F)
    __rt_lib_shutdown_signal_1               0x08000213   Thumb Code     0  libshutdown2.o(.ARM.Collect$$libshutdown$$00000009)
    __rt_lib_shutdown_stdio_1                0x08000213   Thumb Code     0  libshutdown2.o(.ARM.Collect$$libshutdown$$00000003)
    __rt_lib_shutdown_user_alloc_1           0x08000213   Thumb Code     0  libshutdown2.o(.ARM.Collect$$libshutdown$$0000000B)
    __rt_entry                               0x08000215   Thumb Code     0  __rtentry.o(.ARM.Collect$$rtentry$$00000000)
    __rt_entry_presh_1                       0x08000215   Thumb Code     0  __rtentry2.o(.ARM.Collect$$rtentry$$00000002)
    __rt_entry_sh                            0x08000215   Thumb Code     0  __rtentry4.o(.ARM.Collect$$rtentry$$00000004)
    __rt_entry_li                            0x0800021b   Thumb Code     0  __rtentry2.o(.ARM.Collect$$rtentry$$0000000A)
    __rt_entry_postsh_1                      0x0800021b   Thumb Code     0  __rtentry2.o(.ARM.Collect$$rtentry$$00000009)
    __rt_entry_main                          0x0800021f   Thumb Code     0  __rtentry2.o(.ARM.Collect$$rtentry$$0000000D)
    __rt_entry_postli_1                      0x0800021f   Thumb Code     0  __rtentry2.o(.ARM.Collect$$rtentry$$0000000C)
    __rt_exit                                0x08000227   Thumb Code     0  rtexit.o(.ARM.Collect$$rtexit$$00000000)
    __rt_exit_ls                             0x08000229   Thumb Code     0  rtexit2.o(.ARM.Collect$$rtexit$$00000003)
    __rt_exit_prels_1                        0x08000229   Thumb Code     0  rtexit2.o(.ARM.Collect$$rtexit$$00000002)
    __rt_exit_exit                           0x0800022d   Thumb Code     0  rtexit2.o(.ARM.Collect$$rtexit$$00000004)
    _maybe_terminate_alloc                   0x08000235   Thumb Code     0  maybetermalloc1.o(.emb_text)
    main                                     0x08000235   Thumb Code    14  main.o(.text)
    Task_Process                             0x08000245   Thumb Code    24  task.o(.text)
    APP_Init                                 0x080008cf   Thumb Code    14  app.o(.text)
    APP_Run                                  0x080008dd   Thumb Code    34  app.o(.text)
    NMI_Handler                              0x0800091d   Thumb Code     2  stm32f10x_it.o(.text)
    HardFault_Handler                        0x0800091f   Thumb Code     4  stm32f10x_it.o(.text)
    MemManage_Handler                        0x08000923   Thumb Code     4  stm32f10x_it.o(.text)
    BusFault_Handler                         0x08000927   Thumb Code     4  stm32f10x_it.o(.text)
    UsageFault_Handler                       0x0800092b   Thumb Code     4  stm32f10x_it.o(.text)
    SVC_Handler                              0x0800092f   Thumb Code     2  stm32f10x_it.o(.text)
    DebugMon_Handler                         0x08000931   Thumb Code     2  stm32f10x_it.o(.text)
    PendSV_Handler                           0x08000933   Thumb Code     2  stm32f10x_it.o(.text)
    HAL_Init                                 0x08000935   Thumb Code    34  core_hal.o(.text)
    AppDataInit                              0x08000957   Thumb Code     2  core_app.o(.text)
    Event_Init                               0x08000959   Thumb Code    36  core_event.o(.text)
    Event_Set                                0x0800097d   Thumb Code   110  core_event.o(.text)
    Event_Get                                0x080009eb   Thumb Code    68  core_event.o(.text)
    Event_Remove                             0x08000a2f   Thumb Code    32  core_event.o(.text)
    Os_Init                                  0x08000a5d   Thumb Code    28  core_os.o(.text)
    Os_Run                                   0x08000a79   Thumb Code    78  core_os.o(.text)
    SystemInit                               0x08000bed   Thumb Code    92  system_stm32f10x.o(.text)
    SystemCoreClockUpdate                    0x08000c49   Thumb Code   232  system_stm32f10x.o(.text)
    Reset_Handler                            0x08000d61   Thumb Code     8  startup_stm32f10x_cl.o(.text)
    ADC1_2_IRQHandler                        0x08000d7b   Thumb Code     0  startup_stm32f10x_cl.o(.text)
    CAN1_RX0_IRQHandler                      0x08000d7b   Thumb Code     0  startup_stm32f10x_cl.o(.text)
    CAN1_RX1_IRQHandler                      0x08000d7b   Thumb Code     0  startup_stm32f10x_cl.o(.text)
    CAN1_SCE_IRQHandler                      0x08000d7b   Thumb Code     0  startup_stm32f10x_cl.o(.text)
    CAN1_TX_IRQHandler                       0x08000d7b   Thumb Code     0  startup_stm32f10x_cl.o(.text)
    CAN2_RX0_IRQHandler                      0x08000d7b   Thumb Code     0  startup_stm32f10x_cl.o(.text)
    CAN2_RX1_IRQHandler                      0x08000d7b   Thumb Code     0  startup_stm32f10x_cl.o(.text)
    CAN2_SCE_IRQHandler                      0x08000d7b   Thumb Code     0  startup_stm32f10x_cl.o(.text)
    CAN2_TX_IRQHandler                       0x08000d7b   Thumb Code     0  startup_stm32f10x_cl.o(.text)
    DMA1_Channel1_IRQHandler                 0x08000d7b   Thumb Code     0  startup_stm32f10x_cl.o(.text)
    DMA1_Channel2_IRQHandler                 0x08000d7b   Thumb Code     0  startup_stm32f10x_cl.o(.text)
    DMA1_Channel3_IRQHandler                 0x08000d7b   Thumb Code     0  startup_stm32f10x_cl.o(.text)
    DMA1_Channel4_IRQHandler                 0x08000d7b   Thumb Code     0  startup_stm32f10x_cl.o(.text)
    DMA1_Channel5_IRQHandler                 0x08000d7b   Thumb Code     0  startup_stm32f10x_cl.o(.text)
    DMA1_Channel6_IRQHandler                 0x08000d7b   Thumb Code     0  startup_stm32f10x_cl.o(.text)
    DMA1_Channel7_IRQHandler                 0x08000d7b   Thumb Code     0  startup_stm32f10x_cl.o(.text)
    DMA2_Channel1_IRQHandler                 0x08000d7b   Thumb Code     0  startup_stm32f10x_cl.o(.text)
    DMA2_Channel2_IRQHandler                 0x08000d7b   Thumb Code     0  startup_stm32f10x_cl.o(.text)
    DMA2_Channel3_IRQHandler                 0x08000d7b   Thumb Code     0  startup_stm32f10x_cl.o(.text)
    DMA2_Channel4_IRQHandler                 0x08000d7b   Thumb Code     0  startup_stm32f10x_cl.o(.text)
    DMA2_Channel5_IRQHandler                 0x08000d7b   Thumb Code     0  startup_stm32f10x_cl.o(.text)
    ETH_IRQHandler                           0x08000d7b   Thumb Code     0  startup_stm32f10x_cl.o(.text)
    ETH_WKUP_IRQHandler                      0x08000d7b   Thumb Code     0  startup_stm32f10x_cl.o(.text)
    EXTI0_IRQHandler                         0x08000d7b   Thumb Code     0  startup_stm32f10x_cl.o(.text)
    EXTI15_10_IRQHandler                     0x08000d7b   Thumb Code     0  startup_stm32f10x_cl.o(.text)
    EXTI1_IRQHandler                         0x08000d7b   Thumb Code     0  startup_stm32f10x_cl.o(.text)
    EXTI2_IRQHandler                         0x08000d7b   Thumb Code     0  startup_stm32f10x_cl.o(.text)
    EXTI3_IRQHandler                         0x08000d7b   Thumb Code     0  startup_stm32f10x_cl.o(.text)
    EXTI4_IRQHandler                         0x08000d7b   Thumb Code     0  startup_stm32f10x_cl.o(.text)
    EXTI9_5_IRQHandler                       0x08000d7b   Thumb Code     0  startup_stm32f10x_cl.o(.text)
    FLASH_IRQHandler                         0x08000d7b   Thumb Code     0  startup_stm32f10x_cl.o(.text)
    I2C1_ER_IRQHandler                       0x08000d7b   Thumb Code     0  startup_stm32f10x_cl.o(.text)
    I2C1_EV_IRQHandler                       0x08000d7b   Thumb Code     0  startup_stm32f10x_cl.o(.text)
    I2C2_ER_IRQHandler                       0x08000d7b   Thumb Code     0  startup_stm32f10x_cl.o(.text)
    I2C2_EV_IRQHandler                       0x08000d7b   Thumb Code     0  startup_stm32f10x_cl.o(.text)
    OTG_FS_IRQHandler                        0x08000d7b   Thumb Code     0  startup_stm32f10x_cl.o(.text)
    OTG_FS_WKUP_IRQHandler                   0x08000d7b   Thumb Code     0  startup_stm32f10x_cl.o(.text)
    PVD_IRQHandler                           0x08000d7b   Thumb Code     0  startup_stm32f10x_cl.o(.text)
    RCC_IRQHandler                           0x08000d7b   Thumb Code     0  startup_stm32f10x_cl.o(.text)
    RTCAlarm_IRQHandler                      0x08000d7b   Thumb Code     0  startup_stm32f10x_cl.o(.text)
    RTC_IRQHandler                           0x08000d7b   Thumb Code     0  startup_stm32f10x_cl.o(.text)
    SPI1_IRQHandler                          0x08000d7b   Thumb Code     0  startup_stm32f10x_cl.o(.text)
    SPI2_IRQHandler                          0x08000d7b   Thumb Code     0  startup_stm32f10x_cl.o(.text)
    SPI3_IRQHandler                          0x08000d7b   Thumb Code     0  startup_stm32f10x_cl.o(.text)
    TAMPER_IRQHandler                        0x08000d7b   Thumb Code     0  startup_stm32f10x_cl.o(.text)
    TIM1_BRK_IRQHandler                      0x08000d7b   Thumb Code     0  startup_stm32f10x_cl.o(.text)
    TIM1_CC_IRQHandler                       0x08000d7b   Thumb Code     0  startup_stm32f10x_cl.o(.text)
    TIM1_TRG_COM_IRQHandler                  0x08000d7b   Thumb Code     0  startup_stm32f10x_cl.o(.text)
    TIM1_UP_IRQHandler                       0x08000d7b   Thumb Code     0  startup_stm32f10x_cl.o(.text)
    TIM2_IRQHandler                          0x08000d7b   Thumb Code     0  startup_stm32f10x_cl.o(.text)
    TIM3_IRQHandler                          0x08000d7b   Thumb Code     0  startup_stm32f10x_cl.o(.text)
    TIM4_IRQHandler                          0x08000d7b   Thumb Code     0  startup_stm32f10x_cl.o(.text)
    TIM5_IRQHandler                          0x08000d7b   Thumb Code     0  startup_stm32f10x_cl.o(.text)
    TIM6_IRQHandler                          0x08000d7b   Thumb Code     0  startup_stm32f10x_cl.o(.text)
    TIM7_IRQHandler                          0x08000d7b   Thumb Code     0  startup_stm32f10x_cl.o(.text)
    UART4_IRQHandler                         0x08000d7b   Thumb Code     0  startup_stm32f10x_cl.o(.text)
    USART1_IRQHandler                        0x08000d7b   Thumb Code     0  startup_stm32f10x_cl.o(.text)
    USART2_IRQHandler                        0x08000d7b   Thumb Code     0  startup_stm32f10x_cl.o(.text)
    WWDG_IRQHandler                          0x08000d7b   Thumb Code     0  startup_stm32f10x_cl.o(.text)
    __user_initial_stackheap                 0x08000d7d   Thumb Code     0  startup_stm32f10x_cl.o(.text)
    Hal_Uart5_Init                           0x08000e2f   Thumb Code   158  hal_uart5.o(.text)
    UART5_IRQHandler                         0x08000ecd   Thumb Code    32  hal_uart5.o(.text)
    Hal_Usart3_Init                          0x08000f73   Thumb Code   202  hal_uart3.o(.text)
    USART3_IRQHandler                        0x0800103d   Thumb Code    32  hal_uart3.o(.text)
    Hal_Spi_Init                             0x0800117b   Thumb Code   104  hal_spi.o(.text)
    Func                                     0x080011f1   Thumb Code     2  hal_systick.o(.text)
    SysTick_Handler                          0x080012bb   Thumb Code     8  hal_systick.o(.text)
    Hal_SystickInit                          0x080012c3   Thumb Code    94  hal_systick.o(.text)
    Hal_GpioInit                             0x08001355   Thumb Code   166  hal_gpio.o(.text)
    ModHostInit                              0x08001707   Thumb Code    36  modbus_host.o(.text)
    HostFuncInit                             0x0800176d   Thumb Code     8  modfunc_host.o(.text)
    eModHostReadRegister                     0x08001775   Thumb Code    94  modfunc_host.o(.text)
    eModHostWriteSingleRegister              0x080017d3   Thumb Code     6  modfunc_host.o(.text)
    eModHostWriteMultiRegister               0x080017d9   Thumb Code     6  modfunc_host.o(.text)
    ModSlaveInit                             0x08001a81   Thumb Code    36  modbus_slave.o(.text)
    SlaveFuncInit                            0x08001add   Thumb Code     8  modfunc_slave.o(.text)
    eModSlaveWriteSingleRegister             0x08001ae5   Thumb Code    46  modfunc_slave.o(.text)
    eModSlaveReadRegister                    0x08001b13   Thumb Code   102  modfunc_slave.o(.text)
    eModSlaveWriteMultiRegister              0x08001b79   Thumb Code     6  modfunc_slave.o(.text)
    Queue_Create                             0x08001b8d   Thumb Code    40  queue.o(.text)
    Queue_Delete                             0x08001bb5   Thumb Code    20  queue.o(.text)
    Queue_Reset                              0x08001bc9   Thumb Code    20  queue.o(.text)
    Queue_Is_Free                            0x08001bdd   Thumb Code    24  queue.o(.text)
    Queue_Is_Not_Empty                       0x08001bf5   Thumb Code    20  queue.o(.text)
    Queue_Push                               0x08001c09   Thumb Code    58  queue.o(.text)
    Queue_Pop                                0x08001c43   Thumb Code    56  queue.o(.text)
    usMBCRC16                                0x08001c7d   Thumb Code    48  crc.o(.text)
    U8CpyToU16                               0x08001cb5   Thumb Code    44  bittool.o(.text)
    U16CpyToU8                               0x08001ce1   Thumb Code    40  bittool.o(.text)
    NVIC_PriorityGroupConfig                 0x08001d09   Thumb Code    10  misc.o(.text)
    NVIC_Init                                0x08001d13   Thumb Code   102  misc.o(.text)
    NVIC_SetVectorTable                      0x08001d79   Thumb Code    14  misc.o(.text)
    NVIC_SystemLPConfig                      0x08001d87   Thumb Code    34  misc.o(.text)
    SysTick_CLKSourceConfig                  0x08001da9   Thumb Code    40  misc.o(.text)
    GPIO_DeInit                              0x08001de5   Thumb Code   172  stm32f10x_gpio.o(.text)
    GPIO_AFIODeInit                          0x08001e91   Thumb Code    20  stm32f10x_gpio.o(.text)
    GPIO_Init                                0x08001ea5   Thumb Code   274  stm32f10x_gpio.o(.text)
    GPIO_StructInit                          0x08001fb7   Thumb Code    16  stm32f10x_gpio.o(.text)
    GPIO_ReadInputDataBit                    0x08001fc7   Thumb Code    18  stm32f10x_gpio.o(.text)
    GPIO_ReadInputData                       0x08001fd9   Thumb Code     8  stm32f10x_gpio.o(.text)
    GPIO_ReadOutputDataBit                   0x08001fe1   Thumb Code    18  stm32f10x_gpio.o(.text)
    GPIO_ReadOutputData                      0x08001ff3   Thumb Code     8  stm32f10x_gpio.o(.text)
    GPIO_SetBits                             0x08001ffb   Thumb Code     4  stm32f10x_gpio.o(.text)
    GPIO_ResetBits                           0x08001fff   Thumb Code     4  stm32f10x_gpio.o(.text)
    GPIO_WriteBit                            0x08002003   Thumb Code    10  stm32f10x_gpio.o(.text)
    GPIO_Write                               0x0800200d   Thumb Code     4  stm32f10x_gpio.o(.text)
    GPIO_PinLockConfig                       0x08002011   Thumb Code    18  stm32f10x_gpio.o(.text)
    GPIO_EventOutputConfig                   0x08002023   Thumb Code    26  stm32f10x_gpio.o(.text)
    GPIO_EventOutputCmd                      0x0800203d   Thumb Code     6  stm32f10x_gpio.o(.text)
    GPIO_PinRemapConfig                      0x08002043   Thumb Code   138  stm32f10x_gpio.o(.text)
    GPIO_EXTILineConfig                      0x080020cd   Thumb Code    66  stm32f10x_gpio.o(.text)
    GPIO_ETH_MediaInterfaceConfig            0x0800210f   Thumb Code     6  stm32f10x_gpio.o(.text)
    RCC_DeInit                               0x0800213d   Thumb Code    78  stm32f10x_rcc.o(.text)
    RCC_HSEConfig                            0x0800218b   Thumb Code    70  stm32f10x_rcc.o(.text)
    RCC_GetFlagStatus                        0x080021d1   Thumb Code    56  stm32f10x_rcc.o(.text)
    RCC_WaitForHSEStartUp                    0x08002209   Thumb Code    56  stm32f10x_rcc.o(.text)
    RCC_AdjustHSICalibrationValue            0x08002241   Thumb Code    20  stm32f10x_rcc.o(.text)
    RCC_HSICmd                               0x08002255   Thumb Code     6  stm32f10x_rcc.o(.text)
    RCC_PLLConfig                            0x0800225b   Thumb Code    24  stm32f10x_rcc.o(.text)
    RCC_PLLCmd                               0x08002273   Thumb Code     6  stm32f10x_rcc.o(.text)
    RCC_PREDIV1Config                        0x08002279   Thumb Code    24  stm32f10x_rcc.o(.text)
    RCC_PREDIV2Config                        0x08002291   Thumb Code    18  stm32f10x_rcc.o(.text)
    RCC_PLL2Config                           0x080022a3   Thumb Code    18  stm32f10x_rcc.o(.text)
    RCC_PLL2Cmd                              0x080022b5   Thumb Code     6  stm32f10x_rcc.o(.text)
    RCC_PLL3Config                           0x080022bb   Thumb Code    18  stm32f10x_rcc.o(.text)
    RCC_PLL3Cmd                              0x080022cd   Thumb Code     6  stm32f10x_rcc.o(.text)
    RCC_SYSCLKConfig                         0x080022d3   Thumb Code    18  stm32f10x_rcc.o(.text)
    RCC_GetSYSCLKSource                      0x080022e5   Thumb Code    10  stm32f10x_rcc.o(.text)
    RCC_HCLKConfig                           0x080022ef   Thumb Code    18  stm32f10x_rcc.o(.text)
    RCC_PCLK1Config                          0x08002301   Thumb Code    18  stm32f10x_rcc.o(.text)
    RCC_PCLK2Config                          0x08002313   Thumb Code    20  stm32f10x_rcc.o(.text)
    RCC_ITConfig                             0x08002327   Thumb Code    26  stm32f10x_rcc.o(.text)
    RCC_OTGFSCLKConfig                       0x08002341   Thumb Code     6  stm32f10x_rcc.o(.text)
    RCC_ADCCLKConfig                         0x08002347   Thumb Code    18  stm32f10x_rcc.o(.text)
    RCC_I2S2CLKConfig                        0x08002359   Thumb Code     6  stm32f10x_rcc.o(.text)
    RCC_I2S3CLKConfig                        0x0800235f   Thumb Code     8  stm32f10x_rcc.o(.text)
    RCC_LSEConfig                            0x08002367   Thumb Code    44  stm32f10x_rcc.o(.text)
    RCC_LSICmd                               0x08002393   Thumb Code     6  stm32f10x_rcc.o(.text)
    RCC_RTCCLKConfig                         0x08002399   Thumb Code    12  stm32f10x_rcc.o(.text)
    RCC_RTCCLKCmd                            0x080023a5   Thumb Code     8  stm32f10x_rcc.o(.text)
    RCC_GetClocksFreq                        0x080023ad   Thumb Code   432  stm32f10x_rcc.o(.text)
    RCC_AHBPeriphClockCmd                    0x0800255d   Thumb Code    26  stm32f10x_rcc.o(.text)
    RCC_APB2PeriphClockCmd                   0x08002577   Thumb Code    26  stm32f10x_rcc.o(.text)
    RCC_APB1PeriphClockCmd                   0x08002591   Thumb Code    26  stm32f10x_rcc.o(.text)
    RCC_AHBPeriphResetCmd                    0x080025ab   Thumb Code    26  stm32f10x_rcc.o(.text)
    RCC_APB2PeriphResetCmd                   0x080025c5   Thumb Code    26  stm32f10x_rcc.o(.text)
    RCC_APB1PeriphResetCmd                   0x080025df   Thumb Code    26  stm32f10x_rcc.o(.text)
    RCC_BackupResetCmd                       0x080025f9   Thumb Code     6  stm32f10x_rcc.o(.text)
    RCC_ClockSecuritySystemCmd               0x080025ff   Thumb Code     6  stm32f10x_rcc.o(.text)
    RCC_MCOConfig                            0x08002605   Thumb Code     6  stm32f10x_rcc.o(.text)
    RCC_ClearFlag                            0x0800260b   Thumb Code    14  stm32f10x_rcc.o(.text)
    RCC_GetITStatus                          0x08002619   Thumb Code    20  stm32f10x_rcc.o(.text)
    RCC_ClearITPendingBit                    0x0800262d   Thumb Code     6  stm32f10x_rcc.o(.text)
    USART_DeInit                             0x08002641   Thumb Code   134  stm32f10x_usart.o(.text)
    USART_Init                               0x080026c7   Thumb Code   210  stm32f10x_usart.o(.text)
    USART_StructInit                         0x08002799   Thumb Code    24  stm32f10x_usart.o(.text)
    USART_ClockInit                          0x080027b1   Thumb Code    34  stm32f10x_usart.o(.text)
    USART_ClockStructInit                    0x080027d3   Thumb Code    12  stm32f10x_usart.o(.text)
    USART_Cmd                                0x080027df   Thumb Code    24  stm32f10x_usart.o(.text)
    USART_ITConfig                           0x080027f7   Thumb Code    74  stm32f10x_usart.o(.text)
    USART_DMACmd                             0x08002841   Thumb Code    18  stm32f10x_usart.o(.text)
    USART_SetAddress                         0x08002853   Thumb Code    18  stm32f10x_usart.o(.text)
    USART_WakeUpConfig                       0x08002865   Thumb Code    18  stm32f10x_usart.o(.text)
    USART_ReceiverWakeUpCmd                  0x08002877   Thumb Code    24  stm32f10x_usart.o(.text)
    USART_LINBreakDetectLengthConfig         0x0800288f   Thumb Code    18  stm32f10x_usart.o(.text)
    USART_LINCmd                             0x080028a1   Thumb Code    24  stm32f10x_usart.o(.text)
    USART_SendData                           0x080028b9   Thumb Code     8  stm32f10x_usart.o(.text)
    USART_ReceiveData                        0x080028c1   Thumb Code    10  stm32f10x_usart.o(.text)
    USART_SendBreak                          0x080028cb   Thumb Code    10  stm32f10x_usart.o(.text)
    USART_SetGuardTime                       0x080028d5   Thumb Code    16  stm32f10x_usart.o(.text)
    USART_SetPrescaler                       0x080028e5   Thumb Code    16  stm32f10x_usart.o(.text)
    USART_SmartCardCmd                       0x080028f5   Thumb Code    24  stm32f10x_usart.o(.text)
    USART_SmartCardNACKCmd                   0x0800290d   Thumb Code    24  stm32f10x_usart.o(.text)
    USART_HalfDuplexCmd                      0x08002925   Thumb Code    24  stm32f10x_usart.o(.text)
    USART_OverSampling8Cmd                   0x0800293d   Thumb Code    22  stm32f10x_usart.o(.text)
    USART_OneBitMethodCmd                    0x08002953   Thumb Code    24  stm32f10x_usart.o(.text)
    USART_IrDAConfig                         0x0800296b   Thumb Code    18  stm32f10x_usart.o(.text)
    USART_IrDACmd                            0x0800297d   Thumb Code    24  stm32f10x_usart.o(.text)
    USART_GetFlagStatus                      0x08002995   Thumb Code    26  stm32f10x_usart.o(.text)
    USART_ClearFlag                          0x080029af   Thumb Code    18  stm32f10x_usart.o(.text)
    USART_GetITStatus                        0x080029c1   Thumb Code    84  stm32f10x_usart.o(.text)
    USART_ClearITPendingBit                  0x08002a15   Thumb Code    52  stm32f10x_usart.o(.text)
    malloc                                   0x08002a49   Thumb Code    94  h1_alloc.o(.text)
    free                                     0x08002aa7   Thumb Code    78  h1_free.o(.text)
    __use_two_region_memory                  0x08002af5   Thumb Code     2  heapauxi.o(.text)
    __rt_heap_escrow                         0x08002af7   Thumb Code     2  heapauxi.o(.text)
    __rt_heap_expand                         0x08002af9   Thumb Code     2  heapauxi.o(.text)
    __rt_heap_descriptor                     0x08002afd   Thumb Code     8  rt_heap_descriptor_intlibspace.o(.text)
    __use_no_heap                            0x08002b05   Thumb Code     2  hguard.o(.text)
    __heap$guard                             0x08002b07   Thumb Code     2  hguard.o(.text)
    _terminate_user_alloc                    0x08002b09   Thumb Code     2  init_alloc.o(.text)
    _init_user_alloc                         0x08002b0b   Thumb Code     2  init_alloc.o(.text)
    __Heap_Full                              0x08002b0d   Thumb Code    34  init_alloc.o(.text)
    __Heap_Broken                            0x08002b2f   Thumb Code     6  init_alloc.o(.text)
    _init_alloc                              0x08002b35   Thumb Code    94  init_alloc.o(.text)
    __Heap_Initialize                        0x08002b93   Thumb Code    10  h1_init.o(.text)
    __Heap_DescSize                          0x08002b9d   Thumb Code     4  h1_init.o(.text)
    __user_libspace                          0x08002ba1   Thumb Code     8  libspace.o(.text)
    __user_perproc_libspace                  0x08002ba1   Thumb Code     0  libspace.o(.text)
    __user_perthread_libspace                0x08002ba1   Thumb Code     0  libspace.o(.text)
    __Heap_ProvideMemory                     0x08002ba9   Thumb Code    52  h1_extend.o(.text)
    __rt_SIGRTMEM                            0x08002bdd   Thumb Code    14  defsig_rtmem_outer.o(.text)
    __I$use$semihosting                      0x08002beb   Thumb Code     0  use_no_semi.o(.text)
    __use_no_semihosting_swi                 0x08002beb   Thumb Code     2  use_no_semi.o(.text)
    __semihosting_library_function           0x08002bed   Thumb Code     0  indicate_semi.o(.text)
    __user_setup_stackheap                   0x08002bed   Thumb Code    74  sys_stackheap_outer.o(.text)
    exit                                     0x08002c37   Thumb Code    12  exit.o(.text)
    __sig_exit                               0x08002c43   Thumb Code    10  defsig_exit.o(.text)
    __rt_SIGRTMEM_inner                      0x08002c4d   Thumb Code    22  defsig_rtmem_inner.o(.text)
    _sys_exit                                0x08002c9d   Thumb Code     8  sys_exit.o(.text)
    __default_signal_display                 0x08002ca9   Thumb Code    50  defsig_general.o(.text)
    _ttywrch                                 0x08002cdb   Thumb Code    14  sys_wrch.o(.text)
    cg_apfTaskFn                             0x08002ce8   Data           4  core_app.o(.constdata)
    cg_u8TaskNum                             0x08002cec   Data           1  core_app.o(.constdata)
    Region$$Table$$Base                      0x08002ef0   Number         0  anon$$obj.o(Region$$Table)
    Region$$Table$$Limit                     0x08002f10   Number         0  anon$$obj.o(Region$$Table)
    SystemCoreClock                          0x20000018   Data           4  system_stm32f10x.o(.data)
    AHBPrescTable                            0x2000001c   Data          16  system_stm32f10x.o(.data)
    stHost                                   0x20000118   Data          32  modbus_host.o(.data)
    stSlave                                  0x2000016c   Data          24  modbus_slave.o(.data)
    APP_Data                                 0x200001a0   Data          26  app.o(.bss)
    rbuf                                     0x200001ba   Data          26  app.o(.bss)
    Device                                   0x200001d4   Data          40  core_hal.o(.bss)
    Data                                     0x200001fc   Data         268  core_app.o(.bss)
    __libspace_start                         0x200009d4   Data          96  libspace.o(.bss)
    __temporary_stack_top$libspace           0x20000a34   Data           0  libspace.o(.bss)



==============================================================================

Memory Map of the image

  Image Entry point : 0x08000151

  Load Region LR_IROM1 (Base: 0x08000000, Size: 0x000030b0, Max: 0x00040000, ABSOLUTE, COMPRESSED[0x00002f9c])

    Execution Region ER_IROM1 (Base: 0x08000000, Size: 0x00002f10, Max: 0x00040000, ABSOLUTE)

    Base Addr    Size         Type   Attr      Idx    E Section Name        Object

    0x08000000   0x00000150   Data   RO          311    RESET               startup_stm32f10x_cl.o
    0x08000150   0x00000008   Code   RO          774  * !!!main             c_w.l(__main.o)
    0x08000158   0x00000034   Code   RO          978    !!!scatter          c_w.l(__scatter.o)
    0x0800018c   0x0000005a   Code   RO          976    !!dczerorl2         c_w.l(__dczerorl2.o)
    0x080001e6   0x00000002   PAD
    0x080001e8   0x0000001c   Code   RO          980    !!handler_zi        c_w.l(__scatter_zi.o)
    0x08000204   0x00000002   Code   RO          916    .ARM.Collect$$libinit$$00000000  c_w.l(libinit.o)
    0x08000206   0x00000000   Code   RO          809    .ARM.Collect$$libinit$$00000002  c_w.l(libinit2.o)
    0x08000206   0x00000000   Code   RO          811    .ARM.Collect$$libinit$$00000004  c_w.l(libinit2.o)
    0x08000206   0x00000008   Code   RO          812    .ARM.Collect$$libinit$$00000005  c_w.l(libinit2.o)
    0x0800020e   0x00000000   Code   RO          814    .ARM.Collect$$libinit$$0000000A  c_w.l(libinit2.o)
    0x0800020e   0x00000000   Code   RO          816    .ARM.Collect$$libinit$$0000000C  c_w.l(libinit2.o)
    0x0800020e   0x00000000   Code   RO          818    .ARM.Collect$$libinit$$0000000E  c_w.l(libinit2.o)
    0x0800020e   0x00000000   Code   RO          821    .ARM.Collect$$libinit$$00000011  c_w.l(libinit2.o)
    0x0800020e   0x00000000   Code   RO          823    .ARM.Collect$$libinit$$00000013  c_w.l(libinit2.o)
    0x0800020e   0x00000000   Code   RO          825    .ARM.Collect$$libinit$$00000015  c_w.l(libinit2.o)
    0x0800020e   0x00000000   Code   RO          827    .ARM.Collect$$libinit$$00000017  c_w.l(libinit2.o)
    0x0800020e   0x00000000   Code   RO          829    .ARM.Collect$$libinit$$00000019  c_w.l(libinit2.o)
    0x0800020e   0x00000000   Code   RO          831    .ARM.Collect$$libinit$$0000001B  c_w.l(libinit2.o)
    0x0800020e   0x00000000   Code   RO          833    .ARM.Collect$$libinit$$0000001D  c_w.l(libinit2.o)
    0x0800020e   0x00000000   Code   RO          835    .ARM.Collect$$libinit$$0000001F  c_w.l(libinit2.o)
    0x0800020e   0x00000000   Code   RO          837    .ARM.Collect$$libinit$$00000021  c_w.l(libinit2.o)
    0x0800020e   0x00000000   Code   RO          839    .ARM.Collect$$libinit$$00000023  c_w.l(libinit2.o)
    0x0800020e   0x00000000   Code   RO          841    .ARM.Collect$$libinit$$00000025  c_w.l(libinit2.o)
    0x0800020e   0x00000000   Code   RO          845    .ARM.Collect$$libinit$$0000002C  c_w.l(libinit2.o)
    0x0800020e   0x00000000   Code   RO          847    .ARM.Collect$$libinit$$0000002E  c_w.l(libinit2.o)
    0x0800020e   0x00000000   Code   RO          849    .ARM.Collect$$libinit$$00000030  c_w.l(libinit2.o)
    0x0800020e   0x00000000   Code   RO          851    .ARM.Collect$$libinit$$00000032  c_w.l(libinit2.o)
    0x0800020e   0x00000002   Code   RO          852    .ARM.Collect$$libinit$$00000033  c_w.l(libinit2.o)
    0x08000210   0x00000002   Code   RO          973    .ARM.Collect$$libshutdown$$00000000  c_w.l(libshutdown.o)
    0x08000212   0x00000000   Code   RO          931    .ARM.Collect$$libshutdown$$00000003  c_w.l(libshutdown2.o)
    0x08000212   0x00000000   Code   RO          934    .ARM.Collect$$libshutdown$$00000006  c_w.l(libshutdown2.o)
    0x08000212   0x00000000   Code   RO          937    .ARM.Collect$$libshutdown$$00000009  c_w.l(libshutdown2.o)
    0x08000212   0x00000000   Code   RO          939    .ARM.Collect$$libshutdown$$0000000B  c_w.l(libshutdown2.o)
    0x08000212   0x00000000   Code   RO          942    .ARM.Collect$$libshutdown$$0000000E  c_w.l(libshutdown2.o)
    0x08000212   0x00000002   Code   RO          943    .ARM.Collect$$libshutdown$$0000000F  c_w.l(libshutdown2.o)
    0x08000214   0x00000000   Code   RO          778    .ARM.Collect$$rtentry$$00000000  c_w.l(__rtentry.o)
    0x08000214   0x00000000   Code   RO          859    .ARM.Collect$$rtentry$$00000002  c_w.l(__rtentry2.o)
    0x08000214   0x00000006   Code   RO          871    .ARM.Collect$$rtentry$$00000004  c_w.l(__rtentry4.o)
    0x0800021a   0x00000000   Code   RO          861    .ARM.Collect$$rtentry$$00000009  c_w.l(__rtentry2.o)
    0x0800021a   0x00000004   Code   RO          862    .ARM.Collect$$rtentry$$0000000A  c_w.l(__rtentry2.o)
    0x0800021e   0x00000000   Code   RO          864    .ARM.Collect$$rtentry$$0000000C  c_w.l(__rtentry2.o)
    0x0800021e   0x00000008   Code   RO          865    .ARM.Collect$$rtentry$$0000000D  c_w.l(__rtentry2.o)
    0x08000226   0x00000002   Code   RO          919    .ARM.Collect$$rtexit$$00000000  c_w.l(rtexit.o)
    0x08000228   0x00000000   Code   RO          947    .ARM.Collect$$rtexit$$00000002  c_w.l(rtexit2.o)
    0x08000228   0x00000004   Code   RO          948    .ARM.Collect$$rtexit$$00000003  c_w.l(rtexit2.o)
    0x0800022c   0x00000006   Code   RO          949    .ARM.Collect$$rtexit$$00000004  c_w.l(rtexit2.o)
    0x08000232   0x00000002   PAD
    0x08000234   0x00000000   Code   RO          875    .emb_text           c_w.l(maybetermalloc1.o)
    0x08000234   0x0000000e   Code   RO            1    .text               main.o
    0x08000242   0x00000002   PAD
    0x08000244   0x0000001c   Code   RO          107    .text               task.o
    0x08000260   0x000006bc   Code   RO          129    .text               app.o
    0x0800091c   0x00000018   Code   RO          164    .text               stm32f10x_it.o
    0x08000934   0x00000022   Code   RO          179    .text               core_hal.o
    0x08000956   0x00000002   Code   RO          221    .text               core_app.o
    0x08000958   0x00000104   Code   RO          243    .text               core_event.o
    0x08000a5c   0x00000080   Code   RO          261    .text               core_os.o
    0x08000adc   0x00000284   Code   RO          291    .text               system_stm32f10x.o
    0x08000d60   0x00000040   Code   RO          312    .text               startup_stm32f10x_cl.o
    0x08000da0   0x00000168   Code   RO          316    .text               hal_uart5.o
    0x08000f08   0x00000174   Code   RO          330    .text               hal_uart3.o
    0x0800107c   0x00000174   Code   RO          344    .text               hal_spi.o
    0x080011f0   0x00000150   Code   RO          356    .text               hal_systick.o
    0x08001340   0x000000d8   Code   RO          374    .text               hal_gpio.o
    0x08001418   0x00000354   Code   RO          441    .text               modbus_host.o
    0x0800176c   0x00000080   Code   RO          466    .text               modfunc_host.o
    0x080017ec   0x000002f0   Code   RO          480    .text               modbus_slave.o
    0x08001adc   0x000000b0   Code   RO          502    .text               modfunc_slave.o
    0x08001b8c   0x000000ee   Code   RO          528    .text               queue.o
    0x08001c7a   0x00000002   PAD
    0x08001c7c   0x00000038   Code   RO          546    .text               crc.o
    0x08001cb4   0x00000054   Code   RO          560    .text               bittool.o
    0x08001d08   0x000000dc   Code   RO          572    .text               STM32F105.lib(misc.o)
    0x08001de4   0x00000358   Code   RO          670    .text               STM32F105.lib(stm32f10x_gpio.o)
    0x0800213c   0x00000504   Code   RO          682    .text               STM32F105.lib(stm32f10x_rcc.o)
    0x08002640   0x00000408   Code   RO          696    .text               STM32F105.lib(stm32f10x_usart.o)
    0x08002a48   0x0000005e   Code   RO          714    .text               c_w.l(h1_alloc.o)
    0x08002aa6   0x0000004e   Code   RO          716    .text               c_w.l(h1_free.o)
    0x08002af4   0x00000006   Code   RO          772    .text               c_w.l(heapauxi.o)
    0x08002afa   0x00000002   PAD
    0x08002afc   0x00000008   Code   RO          782    .text               c_w.l(rt_heap_descriptor_intlibspace.o)
    0x08002b04   0x00000004   Code   RO          784    .text               c_w.l(hguard.o)
    0x08002b08   0x0000008a   Code   RO          786    .text               c_w.l(init_alloc.o)
    0x08002b92   0x0000000e   Code   RO          790    .text               c_w.l(h1_init.o)
    0x08002ba0   0x00000008   Code   RO          855    .text               c_w.l(libspace.o)
    0x08002ba8   0x00000034   Code   RO          877    .text               c_w.l(h1_extend.o)
    0x08002bdc   0x0000000e   Code   RO          881    .text               c_w.l(defsig_rtmem_outer.o)
    0x08002bea   0x00000002   Code   RO          892    .text               c_w.l(use_no_semi.o)
    0x08002bec   0x00000000   Code   RO          894    .text               c_w.l(indicate_semi.o)
    0x08002bec   0x0000004a   Code   RO          895    .text               c_w.l(sys_stackheap_outer.o)
    0x08002c36   0x0000000c   Code   RO          901    .text               c_w.l(exit.o)
    0x08002c42   0x0000000a   Code   RO          903    .text               c_w.l(defsig_exit.o)
    0x08002c4c   0x00000050   Code   RO          905    .text               c_w.l(defsig_rtmem_inner.o)
    0x08002c9c   0x0000000c   Code   RO          917    .text               c_w.l(sys_exit.o)
    0x08002ca8   0x00000032   Code   RO          927    .text               c_w.l(defsig_general.o)
    0x08002cda   0x0000000e   Code   RO          944    .text               c_w.l(sys_wrch.o)
    0x08002ce8   0x00000005   Data   RO          223    .constdata          core_app.o
    0x08002ced   0x00000200   Data   RO          547    .constdata          crc.o
    0x08002eed   0x00000003   PAD
    0x08002ef0   0x00000020   Data   RO          974    Region$$Table       anon$$obj.o


    Execution Region RW_IRAM1 (Base: 0x20000000, Size: 0x00001038, Max: 0x00010000, ABSOLUTE, COMPRESSED[0x0000008c])

    Base Addr    Size         Type   Attr      Idx    E Section Name        Object

    0x20000000   0x00000004   Data   RW          108    .data               task.o
    0x20000004   0x00000004   Data   RW          245    .data               core_event.o
    0x20000008   0x00000010   Data   RW          262    .data               core_os.o
    0x20000018   0x00000014   Data   RW          292    .data               system_stm32f10x.o
    0x2000002c   0x00000004   Data   RW          317    .data               hal_uart5.o
    0x20000030   0x00000004   Data   RW          331    .data               hal_uart3.o
    0x20000034   0x000000a4   Data   RW          357    .data               hal_systick.o
    0x200000d8   0x00000061   Data   RW          443    .data               modbus_host.o
    0x20000139   0x00000003   PAD
    0x2000013c   0x00000008   Data   RW          467    .data               modfunc_host.o
    0x20000144   0x00000041   Data   RW          482    .data               modbus_slave.o
    0x20000185   0x00000003   PAD
    0x20000188   0x00000004   Data   RW          503    .data               modfunc_slave.o
    0x2000018c   0x00000014   Data   RW          683    .data               STM32F105.lib(stm32f10x_rcc.o)
    0x200001a0   0x00000034   Zero   RW          130    .bss                app.o
    0x200001d4   0x00000028   Zero   RW          180    .bss                core_hal.o
    0x200001fc   0x0000010c   Zero   RW          222    .bss                core_app.o
    0x20000308   0x000000f0   Zero   RW          244    .bss                core_event.o
    0x200003f8   0x000002ee   Zero   RW          442    .bss                modbus_host.o
    0x200006e6   0x000002ee   Zero   RW          481    .bss                modbus_slave.o
    0x200009d4   0x00000060   Zero   RW          856    .bss                c_w.l(libspace.o)
    0x20000a34   0x00000004   PAD
    0x20000a38   0x00000200   Zero   RW          310    HEAP                startup_stm32f10x_cl.o
    0x20000c38   0x00000400   Zero   RW          309    STACK               startup_stm32f10x_cl.o


==============================================================================

Image component sizes


      Code (inc. data)   RO Data    RW Data    ZI Data      Debug   Object Name

      1724         46          0          0         52       4587   app.o
        84          0          0          0          0       1160   bittool.o
         2          0          5          0        268       1955   core_app.o
         0          0          0          0          0         32   core_cm3.o
       260         14          0          4        240       2594   core_event.o
        34          0          0          0         40       1556   core_hal.o
       128         22          0         16          0       1300   core_os.o
        56          8        512          0          0       1160   crc.o
         0          0          0          0          0        512   gui.o
       216         30          0          0          0       1371   hal_gpio.o
       372         14          0          0          0       1427   hal_spi.o
       336         32          0        164          0      17366   hal_systick.o
       372         32          0          4          0       2112   hal_uart3.o
       360         28          0          4          0       2214   hal_uart5.o
        14          0          0          0          0     242103   main.o
       852         66          0         97        750       5079   modbus_host.o
       752         56          0         65        750       3817   modbus_slave.o
       128         14          0          8          0       2175   modfunc_host.o
       176         14          0          4          0       2251   modfunc_slave.o
       238          0          0          0          0       2958   queue.o
        64         26        336          0       1536        904   startup_stm32f10x_cl.o
        24          0          0          0          0       1118   stm32f10x_it.o
       644         48          0         20          0       2191   system_stm32f10x.o
        28          4          0          4          0        579   task.o

    ----------------------------------------------------------------------
      6868        454        888        396       3636     302521   Object Totals
         0          0         32          0          0          0   (incl. Generated)
         4          0          3          6          0          0   (incl. Padding)

    ----------------------------------------------------------------------

      Code (inc. data)   RO Data    RW Data    ZI Data      Debug   Library Member Name

       220         20          0          0          0     253637   misc.o
       856         40          0          0          0       5617   stm32f10x_gpio.o
      1284         72          0         20          0      11130   stm32f10x_rcc.o
      1032         22          0          0          0       8344   stm32f10x_usart.o
        90          0          0          0          0          0   __dczerorl2.o
         8          0          0          0          0         68   __main.o
         0          0          0          0          0          0   __rtentry.o
        12          0          0          0          0          0   __rtentry2.o
         6          0          0          0          0          0   __rtentry4.o
        52          8          0          0          0          0   __scatter.o
        28          0          0          0          0          0   __scatter_zi.o
        10          0          0          0          0         68   defsig_exit.o
        50          0          0          0          0         88   defsig_general.o
        80         58          0          0          0         76   defsig_rtmem_inner.o
        14          0          0          0          0         80   defsig_rtmem_outer.o
        12          0          0          0          0         72   exit.o
        94          0          0          0          0         80   h1_alloc.o
        52          0          0          0          0         68   h1_extend.o
        78          0          0          0          0         80   h1_free.o
        14          0          0          0          0         84   h1_init.o
         6          0          0          0          0        152   heapauxi.o
         4          0          0          0          0        136   hguard.o
         0          0          0          0          0          0   indicate_semi.o
       138          0          0          0          0        168   init_alloc.o
         2          0          0          0          0          0   libinit.o
        10          0          0          0          0          0   libinit2.o
         2          0          0          0          0          0   libshutdown.o
         2          0          0          0          0          0   libshutdown2.o
         8          4          0          0         96         68   libspace.o
         0          0          0          0          0          0   maybetermalloc1.o
         8          4          0          0          0         68   rt_heap_descriptor_intlibspace.o
         2          0          0          0          0          0   rtexit.o
        10          0          0          0          0          0   rtexit2.o
        12          4          0          0          0         68   sys_exit.o
        74          0          0          0          0         80   sys_stackheap_outer.o
        14          0          0          0          0         76   sys_wrch.o
         2          0          0          0          0         68   use_no_semi.o

    ----------------------------------------------------------------------
      4292        232          0         20        100     280376   Library Totals
         6          0          0          0          4          0   (incl. Padding)

    ----------------------------------------------------------------------

      Code (inc. data)   RO Data    RW Data    ZI Data      Debug   Library Name

      3392        154          0         20          0     278728   STM32F105.lib
       894         78          0          0         96       1648   c_w.l

    ----------------------------------------------------------------------
      4292        232          0         20        100     280376   Library Totals

    ----------------------------------------------------------------------

==============================================================================


      Code (inc. data)   RO Data    RW Data    ZI Data      Debug   

     11160        686        888        416       3736     580189   Grand Totals
     11160        686        888        140       3736     580189   ELF Image Totals (compressed)
     11160        686        888        140          0          0   ROM Totals

==============================================================================

    Total RO  Size (Code + RO Data)                12048 (  11.77kB)
    Total RW  Size (RW Data + ZI Data)              4152 (   4.05kB)
    Total ROM Size (Code + RO Data + RW Data)      12188 (  11.90kB)

==============================================================================

