<html>
<body>
<pre>
<h1>µVision Build Log</h1>
<h2>Tool Versions:</h2>
IDE-Version: ¦ÌVision V5.21.1.0
Copyright (C) 2016 ARM Ltd and ARM Germany GmbH. All rights reserved.
License Information: b Windows , ÓÅÆôÊ±´ú, LIC=W96FW-Q092N-KUP4L-0NAV4-ANN00-G3ANR
 
Tool Versions:
Toolchain:       MDK-ARM Professional  Version: 5.21a
Toolchain Path:  C:\Keil_v5\ARM\ARMCC\Bin
C Compiler:      Armcc.exe V5.06 update 3 (build 300)
Assembler:       Armasm.exe V5.06 update 3 (build 300)
Linker/Locator:  ArmLink.exe V5.06 update 3 (build 300)
Library Manager: ArmAr.exe V5.06 update 3 (build 300)
Hex Converter:   FromElf.exe V5.06 update 3 (build 300)
CPU DLL:         SARMCM3.DLL V5.21a
Dialog DLL:      DCM.DLL V1.13.8.0
Target DLL:      STLink\ST-LINKIII-KEIL_SWO.dll V2.0.18.0
Dialog DLL:      TCM.DLL V1.14.14.0
 
<h2>Project:</h2>
C:\Users\Administrator\Desktop\bush_v2\Bush_master\Keil\MultiSPI.uvprojx
Project File Date:  11/20/2017

<h2>Output:</h2>
*** Using Compiler 'V5.06 update 3 (build 300)', folder: 'C:\Keil_v5\ARM\ARMCC\Bin'
Rebuild target 'MultiSPI'
compiling main.c...
compiling stm32f10x_it.c...
compiling app.c...
compiling core_cm3.c...
compiling Core_hal.c...
compiling Core_os.c...
assembling startup_stm32f10x_cl.s...
compiling system_stm32f10x.c...
compiling hal_uart3.c...
compiling hal_uart5.c...
compiling hal_spi.c...
compiling hal_systick.c...
compiling hal_gpio.c...
compiling modbus_slave.c...
..\Driver\Dev\ModSlave\modbus_slave.c(164): warning:  #177-D: function "ModSlaveExec" was declared but never referenced
  static void ModSlaveExec(void)
..\Driver\Dev\ModSlave\modbus_slave.c(23): warning:  #177-D: variable "sg_tQueue" was declared but never referenced
  static T_QUEUE_INFO sg_tQueue={sg_au8Queue,0,0,0,MOD_SLAVE_SIZE_MAX};
..\Driver\Dev\ModSlave\modbus_slave.c: 2 warnings, 0 errors
compiling modfunc_slave.c...
compiling io.c...
compiling queue.c...
compiling crc.c...
compiling bittool.c...
linking...
Program Size: Code=9624 RO-data=880 RW-data=300 ZI-data=2508  
FromELF: creating hex file...
".\Output\Bush_Main_485_ID1_0910.axf" - 0 Error(s), 2 Warning(s).

<h2>Collection of Component include folders:</h2>
  C:\Users\Administrator\Desktop\bush_v2\Bush_master\Keil\RTE
  C:\Keil_v5\ARM\PACK\Keil\STM32F1xx_DFP\1.0.4\Device\Include

<h2>Collection of Component Files used:</h2>
Build Time Elapsed:  00:00:06
</pre>
</body>
</html>
